Archive member included to satisfy reference by file (symbol)

D:\MCUXpressoIDE_10.2.1_795\lpc_board_nxp_lpcxpresso_1549\Debug\liblpc_board_nxp_lpcxpresso_1549.a(board.o)
                              ./src/lab1.o (Board_LED_Set)
D:\MCUXpressoIDE_10.2.1_795\lpc_board_nxp_lpcxpresso_1549\Debug\liblpc_board_nxp_lpcxpresso_1549.a(board_sysinit.o)
                              ./src/sysinit.o (Board_SystemInit)
D:\MCUXpressoIDE_10.2.1_795\lpc_chip_15xx\Debug\liblpc_chip_15xx.a(chip_15xx.o)
                              ./src/lab1.o (SystemCoreClockUpdate)
D:\MCUXpressoIDE_10.2.1_795\lpc_chip_15xx\Debug\liblpc_chip_15xx.a(clock_15xx.o)
                              D:\MCUXpressoIDE_10.2.1_795\lpc_board_nxp_lpcxpresso_1549\Debug\liblpc_board_nxp_lpcxpresso_1549.a(board.o) (Chip_Clock_GetMainClockRate)
D:\MCUXpressoIDE_10.2.1_795\lpc_chip_15xx\Debug\liblpc_chip_15xx.a(gpio_15xx.o)
                              D:\MCUXpressoIDE_10.2.1_795\lpc_board_nxp_lpcxpresso_1549\Debug\liblpc_board_nxp_lpcxpresso_1549.a(board.o) (Chip_GPIO_Init)
D:\MCUXpressoIDE_10.2.1_795\lpc_chip_15xx\Debug\liblpc_chip_15xx.a(iocon_15xx.o)
                              D:\MCUXpressoIDE_10.2.1_795\lpc_board_nxp_lpcxpresso_1549\Debug\liblpc_board_nxp_lpcxpresso_1549.a(board_sysinit.o) (Chip_IOCON_SetPinMuxing)
D:\MCUXpressoIDE_10.2.1_795\lpc_chip_15xx\Debug\liblpc_chip_15xx.a(sct_15xx.o)
                              ./src/lab1.o (Chip_SCT_Init)
D:\MCUXpressoIDE_10.2.1_795\lpc_chip_15xx\Debug\liblpc_chip_15xx.a(swm_15xx.o)
                              D:\MCUXpressoIDE_10.2.1_795\lpc_board_nxp_lpcxpresso_1549\Debug\liblpc_board_nxp_lpcxpresso_1549.a(board.o) (Chip_SWM_MovablePinAssign)
D:\MCUXpressoIDE_10.2.1_795\lpc_chip_15xx\Debug\liblpc_chip_15xx.a(sysctl_15xx.o)
                              D:\MCUXpressoIDE_10.2.1_795\lpc_board_nxp_lpcxpresso_1549\Debug\liblpc_board_nxp_lpcxpresso_1549.a(board_sysinit.o) (Chip_SYSCTL_AssertPeriphReset)
D:\MCUXpressoIDE_10.2.1_795\lpc_chip_15xx\Debug\liblpc_chip_15xx.a(sysinit_15xx.o)
                              D:\MCUXpressoIDE_10.2.1_795\lpc_board_nxp_lpcxpresso_1549\Debug\liblpc_board_nxp_lpcxpresso_1549.a(board_sysinit.o) (Chip_SetupXtalClocking)
D:\MCUXpressoIDE_10.2.1_795\lpc_chip_15xx\Debug\liblpc_chip_15xx.a(uart_15xx.o)
                              D:\MCUXpressoIDE_10.2.1_795\lpc_board_nxp_lpcxpresso_1549\Debug\liblpc_board_nxp_lpcxpresso_1549.a(board.o) (Chip_UART_Init)
D:\MCUXpressoIDE_10.2.1_795\lpc_chip_15xx\Debug\liblpc_chip_15xx.a(ring_buffer.o)
                              D:\MCUXpressoIDE_10.2.1_795\lpc_chip_15xx\Debug\liblpc_chip_15xx.a(uart_15xx.o) (RingBuffer_Insert)
D:\MCUXpressoIDE_10.2.1_795\FreeRTOS\Debug\libFreeRTOS.a(tasks.o)
                              ./src/lab1.o (xTaskCreate)
D:\MCUXpressoIDE_10.2.1_795\FreeRTOS\Debug\libFreeRTOS.a(heap_3.o)
                              D:\MCUXpressoIDE_10.2.1_795\FreeRTOS\Debug\libFreeRTOS.a(tasks.o) (pvPortMalloc)
D:\MCUXpressoIDE_10.2.1_795\FreeRTOS\Debug\libFreeRTOS.a(port.o)
                              D:\MCUXpressoIDE_10.2.1_795\FreeRTOS\Debug\libFreeRTOS.a(tasks.o) (pxPortInitialiseStack)
D:\MCUXpressoIDE_10.2.1_795\FreeRTOS\Debug\libFreeRTOS.a(FreeRTOSCommonHooks.o)
                              D:\MCUXpressoIDE_10.2.1_795\FreeRTOS\Debug\libFreeRTOS.a(heap_3.o) (vApplicationMallocFailedHook)
D:\MCUXpressoIDE_10.2.1_795\FreeRTOS\Debug\libFreeRTOS.a(list.o)
                              D:\MCUXpressoIDE_10.2.1_795\FreeRTOS\Debug\libFreeRTOS.a(tasks.o) (vListInitialise)
d:/mcuxpressoide_10.2.1_795/ide/tools/bin/../lib/gcc/arm-none-eabi/7.2.1/thumb/v7-m\libgcc.a(_aeabi_uldivmod.o)
                              D:\MCUXpressoIDE_10.2.1_795\lpc_chip_15xx\Debug\liblpc_chip_15xx.a(clock_15xx.o) (__aeabi_uldivmod)
d:/mcuxpressoide_10.2.1_795/ide/tools/bin/../lib/gcc/arm-none-eabi/7.2.1/thumb/v7-m\libgcc.a(_udivmoddi4.o)
                              d:/mcuxpressoide_10.2.1_795/ide/tools/bin/../lib/gcc/arm-none-eabi/7.2.1/thumb/v7-m\libgcc.a(_aeabi_uldivmod.o) (__udivmoddi4)
d:/mcuxpressoide_10.2.1_795/ide/tools/bin/../lib/gcc/arm-none-eabi/7.2.1/thumb/v7-m\libgcc.a(_dvmd_tls.o)
                              d:/mcuxpressoide_10.2.1_795/ide/tools/bin/../lib/gcc/arm-none-eabi/7.2.1/thumb/v7-m\libgcc.a(_aeabi_uldivmod.o) (__aeabi_ldiv0)
d:/mcuxpressoide_10.2.1_795/ide/tools/bin/../lib/gcc/arm-none-eabi/7.2.1/../../../../arm-none-eabi/lib/thumb/v7-m\libc.a(lib_a-impure.o)
                              D:\MCUXpressoIDE_10.2.1_795\FreeRTOS\Debug\libFreeRTOS.a(tasks.o) (_impure_ptr)
d:/mcuxpressoide_10.2.1_795/ide/tools/bin/../lib/gcc/arm-none-eabi/7.2.1/../../../../arm-none-eabi/lib/thumb/v7-m\libc.a(lib_a-init.o)
                              ./src/cr_startup_lpc15xx.o (__libc_init_array)
d:/mcuxpressoide_10.2.1_795/ide/tools/bin/../lib/gcc/arm-none-eabi/7.2.1/../../../../arm-none-eabi/lib/thumb/v7-m\libc.a(lib_a-malloc.o)
                              ./src/cr_cpp_config.o (malloc)
[...]
Memory Configuration

Name             Origin             Length             Attributes
MFlash256        0x00000000         0x00040000         xr
Ram0_16_32       0x02000000         0x00008000         xrw
Ram2_4           0x02008000         0x00001000         xrw
*default*        0x00000000         0xffffffff

Linker script and memory map

LOAD ./src/cr_cpp_config.o
LOAD ./src/cr_startup_lpc15xx.o
LOAD ./src/crp.o
LOAD ./src/lab1.o
LOAD ./src/sysinit.o
LOAD D:\MCUXpressoIDE_10.2.1_795\lpc_board_nxp_lpcxpresso_1549\Debug\liblpc_board_nxp_lpcxpresso_1549.a
LOAD D:\MCUXpressoIDE_10.2.1_795\lpc_chip_15xx\Debug\liblpc_chip_15xx.a
LOAD D:\MCUXpressoIDE_10.2.1_795\FreeRTOS\Debug\libFreeRTOS.a
START GROUP
LOAD d:/mcuxpressoide_10.2.1_795/ide/tools/bin/../lib/gcc/arm-none-eabi/7.2.1/thumb/v7-m\libgcc.a
LOAD d:/mcuxpressoide_10.2.1_795/ide/tools/bin/../lib/gcc/arm-none-eabi/7.2.1/../../../../arm-none-eabi/lib/thumb/v7-m\libc.a
LOAD d:/mcuxpressoide_10.2.1_795/ide/tools/bin/../lib/gcc/arm-none-eabi/7.2.1/../../../../arm-none-eabi/lib/thumb/v7-m\libstdc++.a
LOAD d:/mcuxpressoide_10.2.1_795/ide/tools/bin/../lib/gcc/arm-none-eabi/7.2.1/../../../../arm-none-eabi/lib/thumb/v7-m\libm.a
LOAD d:/mcuxpressoide_10.2.1_795/ide/tools/bin/../lib/gcc/arm-none-eabi/7.2.1/../../../../arm-none-eabi/lib/thumb/v7-m\libcr_newlib_nohost.a
LOAD d:/mcuxpressoide_10.2.1_795/ide/tools/bin/../lib/gcc/arm-none-eabi/7.2.1/thumb/v7-m\crti.o
LOAD d:/mcuxpressoide_10.2.1_795/ide/tools/bin/../lib/gcc/arm-none-eabi/7.2.1/thumb/v7-m\crtn.o
LOAD d:/mcuxpressoide_10.2.1_795/ide/tools/bin/../lib/gcc/arm-none-eabi/7.2.1/thumb/v7-m\crtbegin.o
LOAD d:/mcuxpressoide_10.2.1_795/ide/tools/bin/../lib/gcc/arm-none-eabi/7.2.1/thumb/v7-m\crtend.o
END GROUP
                0x00000000                __base_MFlash256 = 0x0
                0x00000000                __base_Flash = 0x0
                0x00040000                __top_MFlash256 = 0x40000
                0x00040000                __top_Flash = 0x40000
                0x02000000                __base_Ram0_16_32 = 0x2000000
                0x02000000                __base_RAM = 0x2000000
                0x02008000                __top_Ram0_16_32 = 0x2008000
                0x02008000                __top_RAM = 0x2008000
                0x02008000                __base_Ram2_4 = 0x2008000
                0x02008000                __base_RAM2 = 0x2008000
                0x02009000                __top_Ram2_4 = 0x2009000
                0x02009000                __top_RAM2 = 0x2009000

.text           0x00000000     0x78ec
 FILL mask 0xff
                0x00000000                __vectors_start__ = ABSOLUTE (.)
 *(.isr_vector)
 .isr_vector    0x00000000       0xfc ./src/cr_startup_lpc15xx.o
                0x00000000                g_pfnVectors
                0x000000fc                . = ALIGN (0x4)
                0x000000fc                __section_table_start = .
                0x000000fc                __data_section_table = .
                0x000000fc        0x4 LONG 0x78f4 LOADADDR (.data)
                0x00000100        0x4 LONG 0x2000000 ADDR (.data)
                0x00000104        0x4 LONG 0x9ac SIZEOF (.data)
                0x00000108        0x4 LONG 0x78f4 LOADADDR (.data_RAM2)
                0x0000010c        0x4 LONG 0x2008000 ADDR (.data_RAM2)
                0x00000110        0x4 LONG 0x0 SIZEOF (.data_RAM2)
                0x00000114                __data_section_table_end = .
                0x00000114                __bss_section_table = .
                0x00000114        0x4 LONG 0x20009ac ADDR (.bss)
                0x00000118        0x4 LONG 0x1c0 SIZEOF (.bss)
                0x0000011c        0x4 LONG 0x2008000 ADDR (.bss_RAM2)
                0x00000120        0x4 LONG 0x0 SIZEOF (.bss_RAM2)
                0x00000124                __bss_section_table_end = .
                0x00000124                __section_table_end = .
 *(.after_vectors*)
 .after_vectors
                0x00000124      0x140 ./src/cr_startup_lpc15xx.o
                0x00000124                data_init(unsigned int, unsigned int, unsigned int)
                0x00000166                bss_init(unsigned int, unsigned int)
                0x0000019c                ResetISR
                0x00000228                NMI_Handler
                0x0000022e                HardFault_Handler
                0x00000234                MemManage_Handler
                0x0000023a                BusFault_Handler
                0x00000240                UsageFault_Handler
                0x0000024c                DebugMon_Handler
                0x0000025e                UART1_IRQHandler
                0x0000025e                RTC_WAKE_IRQHandler
                0x0000025e                UART0_IRQHandler
                0x0000025e                MRT_IRQHandler
                0x0000025e                ADC1_THCMP_IRQHandler
                0x0000025e                SPI1_IRQHandler
                0x0000025e                PIN_INT6_IRQHandler
                0x0000025e                IntDefaultHandler
                0x0000025e                PIN_INT4_IRQHandler
                0x0000025e                CAN_IRQHandler
                0x0000025e                RTC_ALARM_IRQHandler
                0x0000025e                ADC1B_IRQHandler
                0x0000025e                ADC1_OVR_IRQHandler
                0x0000025e                USBWakeup_IRQHandler
                0x0000025e                UART2_IRQHandler
                0x0000025e                ADC0_OVR_IRQHandler
                0x0000025e                SCT1_IRQHandler
                0x0000025e                PIN_INT2_IRQHandler
                0x0000025e                USB_FIQHandler
                0x0000025e                SCT3_IRQHandler
                0x0000025e                PIN_INT7_IRQHandler
                0x0000025e                I2C0_IRQHandler
                0x0000025e                PIN_INT1_IRQHandler
                0x0000025e                USB_IRQHandler
                0x0000025e                BOD_IRQHandler
                0x0000025e                ADC0B_IRQHandler
                0x0000025e                ACMP0_IRQHandler
                0x0000025e                RIT_IRQHandler
                0x0000025e                SCT2_IRQHandler
                0x0000025e                WDT_IRQHandler
                0x0000025e                PIN_INT0_IRQHandler
                0x0000025e                QEI_IRQHandler
                0x0000025e                ACMP3_IRQHandler
                0x0000025e                GINT0_IRQHandler
                0x0000025e                DAC_IRQHandler
                0x0000025e                SPI0_IRQHandler
                0x0000025e                EEPROM_IRQHandler
                0x0000025e                ACMP2_IRQHandler
                0x0000025e                PIN_INT5_IRQHandler
                0x0000025e                ADC1A_IRQHandler
                0x0000025e                DMA_IRQHandler
                0x0000025e                PIN_INT3_IRQHandler
                0x0000025e                ACMP1_IRQHandler
                0x0000025e                SCT0_IRQHandler
                0x0000025e                ADC0A_IRQHandler
                0x0000025e                FMC_IRQHandler
                0x0000025e                GINT1_IRQHandler
                0x0000025e                ADC0_THCMP_IRQHandler
 *(.text*)
 .text._ZL16prvSetupHardwarev
                0x00000264       0x18 ./src/lab1.o
 .text._ZL9vLEDTask1Pv
                0x0000027c       0x26 ./src/lab1.o
 .text._ZL9vLEDTask2Pv
                0x000002a2       0x26 ./src/lab1.o
 .text._ZL9vUARTTaskPv
                0x000002c8       0x40 ./src/lab1.o
 .text.main     0x00000308       0x6c ./src/lab1.o
                0x00000308                main
 .text.SystemInit
                0x00000374        0xc ./src/sysinit.o
                0x00000374                SystemInit
 .text.Chip_IOCON_PinMuxSet
                0x00000380       0x2c D:\MCUXpressoIDE_10.2.1_795\lpc_board_nxp_lpcxpresso_1549\Debug\liblpc_board_nxp_lpcxpresso_1549.a(board.o)
 .text.Chip_SWM_MovablePortPinAssign
                0x000003ac       0x30 D:\MCUXpressoIDE_10.2.1_795\lpc_board_nxp_lpcxpresso_1549\Debug\liblpc_board_nxp_lpcxpresso_1549.a(board.o)
 .text.Chip_GPIO_SetPinState
                0x000003dc       0x36 D:\MCUXpressoIDE_10.2.1_795\lpc_board_nxp_lpcxpresso_1549\Debug\liblpc_board_nxp_lpcxpresso_1549.a(board.o)
 .text.Chip_GPIO_SetPinDIROutput
                0x00000412       0x3c D:\MCUXpressoIDE_10.2.1_795\lpc_board_nxp_lpcxpresso_1549\Debug\liblpc_board_nxp_lpcxpresso_1549.a(board.o)
 .text.Chip_UART_Enable
                0x0000044e       0x1e D:\MCUXpressoIDE_10.2.1_795\lpc_board_nxp_lpcxpresso_1549\Debug\liblpc_board_nxp_lpcxpresso_1549.a(board.o)
 .text.Chip_UART_TXEnable
                0x0000046c       0x1e D:\MCUXpressoIDE_10.2.1_795\lpc_board_nxp_lpcxpresso_1549\Debug\liblpc_board_nxp_lpcxpresso_1549.a(board.o)
 .text.Chip_UART_ConfigData
                0x0000048a       0x28 D:\MCUXpressoIDE_10.2.1_795\lpc_board_nxp_lpcxpresso_1549\Debug\liblpc_board_nxp_lpcxpresso_1549.a(board.o)
 .text._write   0x000004b2       0x38 D:\MCUXpressoIDE_10.2.1_795\lpc_board_nxp_lpcxpresso_1549\Debug\liblpc_board_nxp_lpcxpresso_1549.a(board.o)
                0x000004b2                _write
 .text._read    0x000004ea       0x48 D:\MCUXpressoIDE_10.2.1_795\lpc_board_nxp_lpcxpresso_1549\Debug\liblpc_board_nxp_lpcxpresso_1549.a(board.o)
                0x000004ea                _read
 *fill*         0x00000532        0x2 ff
 .text.Board_UARTPutChar
                0x00000534       0x24 D:\MCUXpressoIDE_10.2.1_795\lpc_board_nxp_lpcxpresso_1549\Debug\liblpc_board_nxp_lpcxpresso_1549.a(board.o)
                0x00000534                Board_UARTPutChar
 .text.Board_UARTGetChar
                0x00000558       0x2c D:\MCUXpressoIDE_10.2.1_795\lpc_board_nxp_lpcxpresso_1549\Debug\liblpc_board_nxp_lpcxpresso_1549.a(board.o)
                0x00000558                Board_UARTGetChar
 .text.Board_Debug_Init
                0x00000584       0x70 D:\MCUXpressoIDE_10.2.1_795\lpc_board_nxp_lpcxpresso_1549\Debug\liblpc_board_nxp_lpcxpresso_1549.a(board.o)
                0x00000584                Board_Debug_Init
 .text.Board_LED_Init
                0x000005f4       0x5c D:\MCUXpressoIDE_10.2.1_795\lpc_board_nxp_lpcxpresso_1549\Debug\liblpc_board_nxp_lpcxpresso_1549.a(board.o)
 .text.Board_LED_Set
                0x00000650       0x54 D:\MCUXpressoIDE_10.2.1_795\lpc_board_nxp_lpcxpresso_1549\Debug\liblpc_board_nxp_lpcxpresso_1549.a(board.o)
                0x00000650                Board_LED_Set
 .text.Board_Init
                0x000006a4       0x18 D:\MCUXpressoIDE_10.2.1_795\lpc_board_nxp_lpcxpresso_1549\Debug\liblpc_board_nxp_lpcxpresso_1549.a(board.o)
                0x000006a4                Board_Init
 .text.Chip_SYSCTL_PeriphReset
                0x000006bc       0x22 D:\MCUXpressoIDE_10.2.1_795\lpc_board_nxp_lpcxpresso_1549\Debug\liblpc_board_nxp_lpcxpresso_1549.a(board_sysinit.o)
 *fill*         0x000006de        0x2 ff
 .text.Chip_Clock_SetUSBPLLSource
                0x000006e0       0x20 D:\MCUXpressoIDE_10.2.1_795\lpc_board_nxp_lpcxpresso_1549\Debug\liblpc_board_nxp_lpcxpresso_1549.a(board_sysinit.o)
 .text.Chip_Clock_SetupUSBPLL
                0x00000700       0x34 D:\MCUXpressoIDE_10.2.1_795\lpc_board_nxp_lpcxpresso_1549\Debug\liblpc_board_nxp_lpcxpresso_1549.a(board_sysinit.o)
 .text.Chip_Clock_IsUSBPLLLocked
                0x00000734       0x24 D:\MCUXpressoIDE_10.2.1_795\lpc_board_nxp_lpcxpresso_1549\Debug\liblpc_board_nxp_lpcxpresso_1549.a(board_sysinit.o)
 .text.Chip_Clock_SetSysTickClockDiv
                0x00000758       0x20 D:\MCUXpressoIDE_10.2.1_795\lpc_board_nxp_lpcxpresso_1549\Debug\liblpc_board_nxp_lpcxpresso_1549.a(board_sysinit.o)
 .text.Chip_SWM_MovablePortPinAssign
                0x00000778       0x30 D:\MCUXpressoIDE_10.2.1_795\lpc_board_nxp_lpcxpresso_1549\Debug\liblpc_board_nxp_lpcxpresso_1549.a(board_sysinit.o)
 .text.Board_SetupMuxing
                0x000007a8       0x80 D:\MCUXpressoIDE_10.2.1_795\lpc_board_nxp_lpcxpresso_1549\Debug\liblpc_board_nxp_lpcxpresso_1549.a(board_sysinit.o)
                0x000007a8                Board_SetupMuxing
 .text.Board_SetupClocking
                0x00000828       0x3a D:\MCUXpressoIDE_10.2.1_795\lpc_board_nxp_lpcxpresso_1549\Debug\liblpc_board_nxp_lpcxpresso_1549.a(board_sysinit.o)
                0x00000828                Board_SetupClocking
 *fill*         0x00000862        0x2 ff
 .text.Board_SystemInit
                0x00000864       0x1c D:\MCUXpressoIDE_10.2.1_795\lpc_board_nxp_lpcxpresso_1549\Debug\liblpc_board_nxp_lpcxpresso_1549.a(board_sysinit.o)
                0x00000864                Board_SystemInit
 .text.SystemCoreClockUpdate
                0x00000880       0x18 D:\MCUXpressoIDE_10.2.1_795\lpc_chip_15xx\Debug\liblpc_chip_15xx.a(chip_15xx.o)
                0x00000880                SystemCoreClockUpdate
 .text.Chip_Clock_SetMain_A_ClockSource
                0x00000898       0x20 D:\MCUXpressoIDE_10.2.1_795\lpc_chip_15xx\Debug\liblpc_chip_15xx.a(clock_15xx.o)
 .text.Chip_Clock_GetMain_A_ClockSource
                0x000008b8       0x18 D:\MCUXpressoIDE_10.2.1_795\lpc_chip_15xx\Debug\liblpc_chip_15xx.a(clock_15xx.o)
 .text.Chip_Clock_SetMain_B_ClockSource
                0x000008d0       0x20 D:\MCUXpressoIDE_10.2.1_795\lpc_chip_15xx\Debug\liblpc_chip_15xx.a(clock_15xx.o)
 .text.Chip_Clock_GetMain_B_ClockSource
                0x000008f0       0x18 D:\MCUXpressoIDE_10.2.1_795\lpc_chip_15xx\Debug\liblpc_chip_15xx.a(clock_15xx.o)
 .text.Chip_Clock_SetUARTFRGDivider
                0x00000908       0x20 D:\MCUXpressoIDE_10.2.1_795\lpc_chip_15xx\Debug\liblpc_chip_15xx.a(clock_15xx.o)
 .text.Chip_Clock_GetUARTFRGDivider
                0x00000928       0x18 D:\MCUXpressoIDE_10.2.1_795\lpc_chip_15xx\Debug\liblpc_chip_15xx.a(clock_15xx.o)
 .text.Chip_Clock_GetMainOscRate
                0x00000940       0x14 D:\MCUXpressoIDE_10.2.1_795\lpc_chip_15xx\Debug\liblpc_chip_15xx.a(clock_15xx.o)
 .text.Chip_Clock_GetIntOscRate
                0x00000954       0x14 D:\MCUXpressoIDE_10.2.1_795\lpc_chip_15xx\Debug\liblpc_chip_15xx.a(clock_15xx.o)
 .text.Chip_Clock_GetRTCOscRate
                0x00000968       0x14 D:\MCUXpressoIDE_10.2.1_795\lpc_chip_15xx\Debug\liblpc_chip_15xx.a(clock_15xx.o)
 .text.Chip_Clock_GetWDTOSCRate
                0x0000097c       0x14 D:\MCUXpressoIDE_10.2.1_795\lpc_chip_15xx\Debug\liblpc_chip_15xx.a(clock_15xx.o)
 .text.Chip_Clock_GetPLLFreq
                0x00000990       0x26 D:\MCUXpressoIDE_10.2.1_795\lpc_chip_15xx\Debug\liblpc_chip_15xx.a(clock_15xx.o)
 .text.Chip_Clock_GetPLLInClockRate
                0x000009b6       0x38 D:\MCUXpressoIDE_10.2.1_795\lpc_chip_15xx\Debug\liblpc_chip_15xx.a(clock_15xx.o)
 *fill*         0x000009ee        0x2 ff
 .text.Chip_Clock_GetSystemPLLInClockRate
                0x000009f0       0x1c D:\MCUXpressoIDE_10.2.1_795\lpc_chip_15xx\Debug\liblpc_chip_15xx.a(clock_15xx.o)
                0x000009f0                Chip_Clock_GetSystemPLLInClockRate
 .text.Chip_Clock_GetSystemPLLOutClockRate
                0x00000a0c       0x24 D:\MCUXpressoIDE_10.2.1_795\lpc_chip_15xx\Debug\liblpc_chip_15xx.a(clock_15xx.o)
                0x00000a0c                Chip_Clock_GetSystemPLLOutClockRate
 .text.Chip_Clock_GetMain_A_ClockRate
                0x00000a30       0x44 D:\MCUXpressoIDE_10.2.1_795\lpc_chip_15xx\Debug\liblpc_chip_15xx.a(clock_15xx.o)
                0x00000a30                Chip_Clock_GetMain_A_ClockRate
 .text.Chip_Clock_GetMain_B_ClockRate
                0x00000a74       0x58 D:\MCUXpressoIDE_10.2.1_795\lpc_chip_15xx\Debug\liblpc_chip_15xx.a(clock_15xx.o)
                0x00000a74                Chip_Clock_GetMain_B_ClockRate
 .text.Chip_Clock_SetMainClockSource
                0x00000acc       0x3c D:\MCUXpressoIDE_10.2.1_795\lpc_chip_15xx\Debug\liblpc_chip_15xx.a(clock_15xx.o)
                0x00000acc                Chip_Clock_SetMainClockSource
 .text.Chip_Clock_GetMainClockRate
                0x00000b08       0x28 D:\MCUXpressoIDE_10.2.1_795\lpc_chip_15xx\Debug\liblpc_chip_15xx.a(clock_15xx.o)
                0x00000b08                Chip_Clock_GetMainClockRate
 .text.Chip_Clock_EnablePeriphClock
                0x00000b30       0x58 D:\MCUXpressoIDE_10.2.1_795\lpc_chip_15xx\Debug\liblpc_chip_15xx.a(clock_15xx.o)
                0x00000b30                Chip_Clock_EnablePeriphClock
 .text.Chip_Clock_GetUARTBaseClockRate
                0x00000b88       0x8c D:\MCUXpressoIDE_10.2.1_795\lpc_chip_15xx\Debug\liblpc_chip_15xx.a(clock_15xx.o)
                0x00000b88                Chip_Clock_GetUARTBaseClockRate
 .text.Chip_Clock_SetUARTBaseClockRate
                0x00000c14       0xa4 D:\MCUXpressoIDE_10.2.1_795\lpc_chip_15xx\Debug\liblpc_chip_15xx.a(clock_15xx.o)
                0x00000c14                Chip_Clock_SetUARTBaseClockRate
 .text.Chip_Clock_GetSystemClockRate
                0x00000cb8       0x1c D:\MCUXpressoIDE_10.2.1_795\lpc_chip_15xx\Debug\liblpc_chip_15xx.a(clock_15xx.o)
                0x00000cb8                Chip_Clock_GetSystemClockRate
 .text.Chip_SYSCTL_PeriphReset
                0x00000cd4       0x22 D:\MCUXpressoIDE_10.2.1_795\lpc_chip_15xx\Debug\liblpc_chip_15xx.a(gpio_15xx.o)
 .text.Chip_GPIO_Init
                0x00000cf6       0x2e D:\MCUXpressoIDE_10.2.1_795\lpc_chip_15xx\Debug\liblpc_chip_15xx.a(gpio_15xx.o)
                0x00000cf6                Chip_GPIO_Init
 .text.Chip_IOCON_PinMuxSet
                0x00000d24       0x2c D:\MCUXpressoIDE_10.2.1_795\lpc_chip_15xx\Debug\liblpc_chip_15xx.a(iocon_15xx.o)
 .text.Chip_IOCON_SetPinMuxing
                0x00000d50       0x4e D:\MCUXpressoIDE_10.2.1_795\lpc_chip_15xx\Debug\liblpc_chip_15xx.a(iocon_15xx.o)
                0x00000d50                Chip_IOCON_SetPinMuxing
 *fill*         0x00000d9e        0x2 ff
 .text.Chip_SWM_MovablePinAssign
                0x00000da0       0x5c D:\MCUXpressoIDE_10.2.1_795\lpc_chip_15xx\Debug\liblpc_chip_15xx.a(swm_15xx.o)
                0x00000da0                Chip_SWM_MovablePinAssign
 .text.Chip_SYSCTL_AssertPeriphReset
                0x00000dfc       0x4c D:\MCUXpressoIDE_10.2.1_795\lpc_chip_15xx\Debug\liblpc_chip_15xx.a(sysctl_15xx.o)
                0x00000dfc                Chip_SYSCTL_AssertPeriphReset
 .text.Chip_SYSCTL_DeassertPeriphReset
                0x00000e48       0x50 D:\MCUXpressoIDE_10.2.1_795\lpc_chip_15xx\Debug\liblpc_chip_15xx.a(sysctl_15xx.o)
                0x00000e48                Chip_SYSCTL_DeassertPeriphReset
 .text.Chip_SYSCTL_PowerDown
                0x00000e98       0x40 D:\MCUXpressoIDE_10.2.1_795\lpc_chip_15xx\Debug\liblpc_chip_15xx.a(sysctl_15xx.o)
                0x00000e98                Chip_SYSCTL_PowerDown
 .text.Chip_SYSCTL_PowerUp
                0x00000ed8       0x40 D:\MCUXpressoIDE_10.2.1_795\lpc_chip_15xx\Debug\liblpc_chip_15xx.a(sysctl_15xx.o)
                0x00000ed8                Chip_SYSCTL_PowerUp
 .text.Chip_FMC_SetFLASHAccess
                0x00000f18       0x38 D:\MCUXpressoIDE_10.2.1_795\lpc_chip_15xx\Debug\liblpc_chip_15xx.a(sysinit_15xx.o)
 .text.Chip_Clock_SetSystemPLLSource
                0x00000f50       0x20 D:\MCUXpressoIDE_10.2.1_795\lpc_chip_15xx\Debug\liblpc_chip_15xx.a(sysinit_15xx.o)
 .text.Chip_Clock_SetupSystemPLL
                0x00000f70       0x34 D:\MCUXpressoIDE_10.2.1_795\lpc_chip_15xx\Debug\liblpc_chip_15xx.a(sysinit_15xx.o)
 .text.Chip_Clock_IsSystemPLLLocked
                0x00000fa4       0x24 D:\MCUXpressoIDE_10.2.1_795\lpc_chip_15xx\Debug\liblpc_chip_15xx.a(sysinit_15xx.o)
 .text.Chip_Clock_SetSysClockDiv
                0x00000fc8       0x20 D:\MCUXpressoIDE_10.2.1_795\lpc_chip_15xx\Debug\liblpc_chip_15xx.a(sysinit_15xx.o)
 .text.Chip_SetupXtalClocking
                0x00000fe8       0x6c D:\MCUXpressoIDE_10.2.1_795\lpc_chip_15xx\Debug\liblpc_chip_15xx.a(sysinit_15xx.o)
                0x00000fe8                Chip_SetupXtalClocking
 .text.Chip_SYSCTL_PeriphReset
                0x00001054       0x22 D:\MCUXpressoIDE_10.2.1_795\lpc_chip_15xx\Debug\liblpc_chip_15xx.a(uart_15xx.o)
 .text.Chip_UART_SendByte
                0x00001076       0x1c D:\MCUXpressoIDE_10.2.1_795\lpc_chip_15xx\Debug\liblpc_chip_15xx.a(uart_15xx.o)
 .text.Chip_UART_ReadByte
                0x00001092       0x1a D:\MCUXpressoIDE_10.2.1_795\lpc_chip_15xx\Debug\liblpc_chip_15xx.a(uart_15xx.o)
 .text.Chip_UART_GetStatus
                0x000010ac       0x16 D:\MCUXpressoIDE_10.2.1_795\lpc_chip_15xx\Debug\liblpc_chip_15xx.a(uart_15xx.o)
 *fill*         0x000010c2        0x2 ff
 .text.getUARTClockID
                0x000010c4       0x34 D:\MCUXpressoIDE_10.2.1_795\lpc_chip_15xx\Debug\liblpc_chip_15xx.a(uart_15xx.o)
 .text.Chip_UART_Init
                0x000010f8       0x4c D:\MCUXpressoIDE_10.2.1_795\lpc_chip_15xx\Debug\liblpc_chip_15xx.a(uart_15xx.o)
                0x000010f8                Chip_UART_Init
 .text.Chip_UART_Send
                0x00001144       0x50 D:\MCUXpressoIDE_10.2.1_795\lpc_chip_15xx\Debug\liblpc_chip_15xx.a(uart_15xx.o)
                0x00001144                Chip_UART_Send
 .text.Chip_UART_SendBlocking
                0x00001194       0x4a D:\MCUXpressoIDE_10.2.1_795\lpc_chip_15xx\Debug\liblpc_chip_15xx.a(uart_15xx.o)
                0x00001194                Chip_UART_SendBlocking
 .text.Chip_UART_Read
                0x000011de       0x52 D:\MCUXpressoIDE_10.2.1_795\lpc_chip_15xx\Debug\liblpc_chip_15xx.a(uart_15xx.o)
                0x000011de                Chip_UART_Read
 .text.Chip_UART_SetBaud
                0x00001230       0x2a D:\MCUXpressoIDE_10.2.1_795\lpc_chip_15xx\Debug\liblpc_chip_15xx.a(uart_15xx.o)
                0x00001230                Chip_UART_SetBaud
 .text.xTaskCreate
                0x0000125a       0x84 D:\MCUXpressoIDE_10.2.1_795\FreeRTOS\Debug\libFreeRTOS.a(tasks.o)
                0x0000125a                xTaskCreate
 .text.prvInitialiseNewTask
                0x000012de      0x178 D:\MCUXpressoIDE_10.2.1_795\FreeRTOS\Debug\libFreeRTOS.a(tasks.o)
 *fill*         0x00001456        0x2 ff
 .text.prvAddNewTaskToReadyList
                0x00001458       0xdc D:\MCUXpressoIDE_10.2.1_795\FreeRTOS\Debug\libFreeRTOS.a(tasks.o)
 .text.vTaskDelay
                0x00001534       0x48 D:\MCUXpressoIDE_10.2.1_795\FreeRTOS\Debug\libFreeRTOS.a(tasks.o)
                0x00001534                vTaskDelay
 .text.vTaskStartScheduler
                0x0000157c       0xa0 D:\MCUXpressoIDE_10.2.1_795\FreeRTOS\Debug\libFreeRTOS.a(tasks.o)
                0x0000157c                vTaskStartScheduler
 .text.vTaskSuspendAll
                0x0000161c       0x1c D:\MCUXpressoIDE_10.2.1_795\FreeRTOS\Debug\libFreeRTOS.a(tasks.o)
                0x0000161c                vTaskSuspendAll
 .text.xTaskResumeAll
                0x00001638      0x11c D:\MCUXpressoIDE_10.2.1_795\FreeRTOS\Debug\libFreeRTOS.a(tasks.o)
                0x00001638                xTaskResumeAll
 .text.xTaskIncrementTick
                0x00001754      0x158 D:\MCUXpressoIDE_10.2.1_795\FreeRTOS\Debug\libFreeRTOS.a(tasks.o)
                0x00001754                xTaskIncrementTick
 .text.vTaskSwitchContext
                0x000018ac       0xe4 D:\MCUXpressoIDE_10.2.1_795\FreeRTOS\Debug\libFreeRTOS.a(tasks.o)
                0x000018ac                vTaskSwitchContext
 .text.prvIdleTask
                0x00001990        0xe D:\MCUXpressoIDE_10.2.1_795\FreeRTOS\Debug\libFreeRTOS.a(tasks.o)
 *fill*         0x0000199e        0x2 ff
 .text.prvInitialiseTaskLists
                0x000019a0       0x80 D:\MCUXpressoIDE_10.2.1_795\FreeRTOS\Debug\libFreeRTOS.a(tasks.o)
 .text.prvCheckTasksWaitingTermination
                0x00001a20       0x58 D:\MCUXpressoIDE_10.2.1_795\FreeRTOS\Debug\libFreeRTOS.a(tasks.o)
 .text.prvDeleteTCB
                0x00001a78       0x2a D:\MCUXpressoIDE_10.2.1_795\FreeRTOS\Debug\libFreeRTOS.a(tasks.o)
 *fill*         0x00001aa2        0x2 ff
 .text.prvResetNextTaskUnblockTime
                0x00001aa4       0x48 D:\MCUXpressoIDE_10.2.1_795\FreeRTOS\Debug\libFreeRTOS.a(tasks.o)
 .text.prvAddCurrentTaskToDelayedList
                0x00001aec       0xcc D:\MCUXpressoIDE_10.2.1_795\FreeRTOS\Debug\libFreeRTOS.a(tasks.o)
 .text.pvPortMalloc
                0x00001bb8       0x2c D:\MCUXpressoIDE_10.2.1_795\FreeRTOS\Debug\libFreeRTOS.a(heap_3.o)
                0x00001bb8                pvPortMalloc
 .text.vPortFree
                0x00001be4       0x24 D:\MCUXpressoIDE_10.2.1_795\FreeRTOS\Debug\libFreeRTOS.a(heap_3.o)
                0x00001be4                vPortFree
 .text.pxPortInitialiseStack
                0x00001c08       0x58 D:\MCUXpressoIDE_10.2.1_795\FreeRTOS\Debug\libFreeRTOS.a(port.o)
                0x00001c08                pxPortInitialiseStack
 .text.prvTaskExitError
                0x00001c60       0x2e D:\MCUXpressoIDE_10.2.1_795\FreeRTOS\Debug\libFreeRTOS.a(port.o)
 *fill*         0x00001c8e        0x2 ff
 .text.SVC_Handler
                0x00001c90       0x28 D:\MCUXpressoIDE_10.2.1_795\FreeRTOS\Debug\libFreeRTOS.a(port.o)
                0x00001c90                SVC_Handler
 .text.prvPortStartFirstTask
                0x00001cb8       0x20 D:\MCUXpressoIDE_10.2.1_795\FreeRTOS\Debug\libFreeRTOS.a(port.o)
 .text.xPortStartScheduler
                0x00001cd8       0x40 D:\MCUXpressoIDE_10.2.1_795\FreeRTOS\Debug\libFreeRTOS.a(port.o)
                0x00001cd8                xPortStartScheduler
 .text.vPortEnterCritical
                0x00001d18       0x30 D:\MCUXpressoIDE_10.2.1_795\FreeRTOS\Debug\libFreeRTOS.a(port.o)
                0x00001d18                vPortEnterCritical
 .text.vPortExitCritical
                0x00001d48       0x30 D:\MCUXpressoIDE_10.2.1_795\FreeRTOS\Debug\libFreeRTOS.a(port.o)
                0x00001d48                vPortExitCritical
 *fill*         0x00001d78        0x8 ff
 .text.PendSV_Handler
                0x00001d80       0x48 D:\MCUXpressoIDE_10.2.1_795\FreeRTOS\Debug\libFreeRTOS.a(port.o)
                0x00001d80                PendSV_Handler
 .text.SysTick_Handler
                0x00001dc8       0x40 D:\MCUXpressoIDE_10.2.1_795\FreeRTOS\Debug\libFreeRTOS.a(port.o)
                0x00001dc8                SysTick_Handler
 .text.vPortSetupTimerInterrupt
                0x00001e08       0x44 D:\MCUXpressoIDE_10.2.1_795\FreeRTOS\Debug\libFreeRTOS.a(port.o)
                0x00001e08                vPortSetupTimerInterrupt
 .text.vApplicationMallocFailedHook
                0x00001e4c       0x1c D:\MCUXpressoIDE_10.2.1_795\FreeRTOS\Debug\libFreeRTOS.a(FreeRTOSCommonHooks.o)
                0x00001e4c                vApplicationMallocFailedHook
 .text.vApplicationStackOverflowHook
                0x00001e68       0x20 D:\MCUXpressoIDE_10.2.1_795\FreeRTOS\Debug\libFreeRTOS.a(FreeRTOSCommonHooks.o)
                0x00001e68                vApplicationStackOverflowHook
 .text.vListInitialise
                0x00001e88       0x3e D:\MCUXpressoIDE_10.2.1_795\FreeRTOS\Debug\libFreeRTOS.a(list.o)
                0x00001e88                vListInitialise
 .text.vListInitialiseItem
                0x00001ec6       0x18 D:\MCUXpressoIDE_10.2.1_795\FreeRTOS\Debug\libFreeRTOS.a(list.o)
                0x00001ec6                vListInitialiseItem
 .text.vListInsertEnd
                0x00001ede       0x46 D:\MCUXpressoIDE_10.2.1_795\FreeRTOS\Debug\libFreeRTOS.a(list.o)
                0x00001ede                vListInsertEnd
 .text.vListInsert
                0x00001f24       0x70 D:\MCUXpressoIDE_10.2.1_795\FreeRTOS\Debug\libFreeRTOS.a(list.o)
                0x00001f24                vListInsert
 .text.uxListRemove
                0x00001f94       0x52 D:\MCUXpressoIDE_10.2.1_795\FreeRTOS\Debug\libFreeRTOS.a(list.o)
                0x00001f94                uxListRemove
 *fill*         0x00001fe6        0x2 ff
 .text          0x00001fe8       0x30 d:/mcuxpressoide_10.2.1_795/ide/tools/bin/../lib/gcc/arm-none-eabi/7.2.1/thumb/v7-m\libgcc.a(_aeabi_uldivmod.o)
                0x00001fe8                __aeabi_uldivmod
 .text          0x00002018      0x2d0 d:/mcuxpressoide_10.2.1_795/ide/tools/bin/../lib/gcc/arm-none-eabi/7.2.1/thumb/v7-m\libgcc.a(_udivmoddi4.o)
                0x00002018                __udivmoddi4
 .text          0x000022e8        0x4 d:/mcuxpressoide_10.2.1_795/ide/tools/bin/../lib/gcc/arm-none-eabi/7.2.1/thumb/v7-m\libgcc.a(_dvmd_tls.o)
                0x000022e8                __aeabi_idiv0
                0x000022e8                __aeabi_ldiv0
 .text.__libc_init_array
                0x000022ec       0x48 d:/mcuxpressoide_10.2.1_795/ide/tools/bin/../lib/gcc/arm-none-eabi/7.2.1/../../../../arm-none-eabi/lib/thumb/v7-m\libc.a(lib_a-init.o)
                0x000022ec                __libc_init_array
 .text.malloc   0x00002334       0x10 d:/mcuxpressoide_10.2.1_795/ide/tools/bin/../lib/gcc/arm-none-eabi/7.2.1/../../../../arm-none-eabi/lib/thumb/v7-m\libc.a(lib_a-malloc.o)
                0x00002334                malloc
 .text.free     0x00002344       0x10 d:/mcuxpressoide_10.2.1_795/ide/tools/bin/../lib/gcc/arm-none-eabi/7.2.1/../../../../arm-none-eabi/lib/thumb/v7-m\libc.a(lib_a-malloc.o)
                0x00002344                free
 .text._malloc_r
                0x00002354      0x524 d:/mcuxpressoide_10.2.1_795/ide/tools/bin/../lib/gcc/arm-none-eabi/7.2.1/../../../../arm-none-eabi/lib/thumb/v7-m\libc.a(lib_a-mallocr.o)
                0x00002354                _malloc_r
 .text          0x00002878       0xec d:/mcuxpressoide_10.2.1_795/ide/tools/bin/../lib/gcc/arm-none-eabi/7.2.1/../../../../arm-none-eabi/lib/thumb/v7-m\libc.a(lib_a-memcpy.o)
                0x00002878                memcpy
 .text.memset   0x00002964       0x94 d:/mcuxpressoide_10.2.1_795/ide/tools/bin/../lib/gcc/arm-none-eabi/7.2.1/../../../../arm-none-eabi/lib/thumb/v7-m\libc.a(lib_a-memset.o)
                0x00002964                memset
 .text.__malloc_lock
                0x000029f8        0xc d:/mcuxpressoide_10.2.1_795/ide/tools/bin/../lib/gcc/arm-none-eabi/7.2.1/../../../../arm-none-eabi/lib/thumb/v7-m\libc.a(lib_a-mlock.o)
                0x000029f8                __malloc_lock
 .text.__malloc_unlock
                0x00002a04        0xc d:/mcuxpressoide_10.2.1_795/ide/tools/bin/../lib/gcc/arm-none-eabi/7.2.1/../../../../arm-none-eabi/lib/thumb/v7-m\libc.a(lib_a-mlock.o)
                0x00002a04                __malloc_unlock
 .text.printf   0x00002a10       0x28 d:/mcuxpressoide_10.2.1_795/ide/tools/bin/../lib/gcc/arm-none-eabi/7.2.1/../../../../arm-none-eabi/lib/thumb/v7-m\libc.a(lib_a-printf.o)
                0x00002a10                printf
 .text.cleanup_glue
                0x00002a38       0x28 d:/mcuxpressoide_10.2.1_795/ide/tools/bin/../lib/gcc/arm-none-eabi/7.2.1/../../../../arm-none-eabi/lib/thumb/v7-m\libc.a(lib_a-reent.o)
                0x00002a38                cleanup_glue
 .text._reclaim_reent
                0x00002a60       0x88 d:/mcuxpressoide_10.2.1_795/ide/tools/bin/../lib/gcc/arm-none-eabi/7.2.1/../../../../arm-none-eabi/lib/thumb/v7-m\libc.a(lib_a-reent.o)
                0x00002a60                _reclaim_reent
 .text._sbrk_r  0x00002ae8       0x24 d:/mcuxpressoide_10.2.1_795/ide/tools/bin/../lib/gcc/arm-none-eabi/7.2.1/../../../../arm-none-eabi/lib/thumb/v7-m\libc.a(lib_a-sbrkr.o)
                0x00002ae8                _sbrk_r
 .text.strlen   0x00002b0c       0x5c d:/mcuxpressoide_10.2.1_795/ide/tools/bin/../lib/gcc/arm-none-eabi/7.2.1/../../../../arm-none-eabi/lib/thumb/v7-m\libc.a(lib_a-strlen-stub.o)
                0x00002b0c                strlen
 .text._vfprintf_r
                0x00002b68     0x1558 d:/mcuxpressoide_10.2.1_795/ide/tools/bin/../lib/gcc/arm-none-eabi/7.2.1/../../../../arm-none-eabi/lib/thumb/v7-m\libc.a(lib_a-vfprintf.o)
                0x00002b68                _vfprintf_r
 .text.__sbprintf
                0x000040c0       0x88 d:/mcuxpressoide_10.2.1_795/ide/tools/bin/../lib/gcc/arm-none-eabi/7.2.1/../../../../arm-none-eabi/lib/thumb/v7-m\libc.a(lib_a-vfprintf.o)
 .text.__swsetup_r
                0x00004148       0xcc d:/mcuxpressoide_10.2.1_795/ide/tools/bin/../lib/gcc/arm-none-eabi/7.2.1/../../../../arm-none-eabi/lib/thumb/v7-m\libc.a(lib_a-wsetup.o)
                0x00004148                __swsetup_r
 .text.quorem   0x00004214      0x124 d:/mcuxpressoide_10.2.1_795/ide/tools/bin/../lib/gcc/arm-none-eabi/7.2.1/../../../../arm-none-eabi/lib/thumb/v7-m\libc.a(lib_a-dtoa.o)
 .text._dtoa_r  0x00004338      0xe30 d:/mcuxpressoide_10.2.1_795/ide/tools/bin/../lib/gcc/arm-none-eabi/7.2.1/../../../../arm-none-eabi/lib/thumb/v7-m\libc.a(lib_a-dtoa.o)
                0x00004338                _dtoa_r
 .text.__sflush_r
                0x00005168      0x154 d:/mcuxpressoide_10.2.1_795/ide/tools/bin/../lib/gcc/arm-none-eabi/7.2.1/../../../../arm-none-eabi/lib/thumb/v7-m\libc.a(lib_a-fflush.o)
                0x00005168                __sflush_r
 .text._fflush_r
                0x000052bc       0x5c d:/mcuxpressoide_10.2.1_795/ide/tools/bin/../lib/gcc/arm-none-eabi/7.2.1/../../../../arm-none-eabi/lib/thumb/v7-m\libc.a(lib_a-fflush.o)
                0x000052bc                _fflush_r
 .text.std      0x00005318       0x50 d:/mcuxpressoide_10.2.1_795/ide/tools/bin/../lib/gcc/arm-none-eabi/7.2.1/../../../../arm-none-eabi/lib/thumb/v7-m\libc.a(lib_a-findfp.o)
 .text._cleanup_r
                0x00005368        0xc d:/mcuxpressoide_10.2.1_795/ide/tools/bin/../lib/gcc/arm-none-eabi/7.2.1/../../../../arm-none-eabi/lib/thumb/v7-m\libc.a(lib_a-findfp.o)
                0x00005368                _cleanup_r
 .text.__sinit  0x00005374       0x60 d:/mcuxpressoide_10.2.1_795/ide/tools/bin/../lib/gcc/arm-none-eabi/7.2.1/../../../../arm-none-eabi/lib/thumb/v7-m\libc.a(lib_a-findfp.o)
                0x00005374                __sinit
 .text.__sfp_lock_acquire
                0x000053d4        0xc d:/mcuxpressoide_10.2.1_795/ide/tools/bin/../lib/gcc/arm-none-eabi/7.2.1/../../../../arm-none-eabi/lib/thumb/v7-m\libc.a(lib_a-findfp.o)
                0x000053d4                __sfp_lock_acquire
 .text.__sfp_lock_release
                0x000053e0        0xc d:/mcuxpressoide_10.2.1_795/ide/tools/bin/../lib/gcc/arm-none-eabi/7.2.1/../../../../arm-none-eabi/lib/thumb/v7-m\libc.a(lib_a-findfp.o)
                0x000053e0                __sfp_lock_release
 .text._malloc_trim_r
                0x000053ec       0xa0 d:/mcuxpressoide_10.2.1_795/ide/tools/bin/../lib/gcc/arm-none-eabi/7.2.1/../../../../arm-none-eabi/lib/thumb/v7-m\libc.a(lib_a-freer.o)
                0x000053ec                _malloc_trim_r
 .text._free_r  0x0000548c      0x1e8 d:/mcuxpressoide_10.2.1_795/ide/tools/bin/../lib/gcc/arm-none-eabi/7.2.1/../../../../arm-none-eabi/lib/thumb/v7-m\libc.a(lib_a-freer.o)
                0x0000548c                _free_r
 .text._fwalk_reent
                0x00005674       0x50 d:/mcuxpressoide_10.2.1_795/ide/tools/bin/../lib/gcc/arm-none-eabi/7.2.1/../../../../arm-none-eabi/lib/thumb/v7-m\libc.a(lib_a-fwalk.o)
                0x00005674                _fwalk_reent
 .text._localeconv_r
                0x000056c4       0x1c d:/mcuxpressoide_10.2.1_795/ide/tools/bin/../lib/gcc/arm-none-eabi/7.2.1/../../../../arm-none-eabi/lib/thumb/v7-m\libc.a(lib_a-localeconv.o)
                0x000056c4                _localeconv_r
 .text.__retarget_lock_init_recursive
                0x000056e0        0x4 d:/mcuxpressoide_10.2.1_795/ide/tools/bin/../lib/gcc/arm-none-eabi/7.2.1/../../../../arm-none-eabi/lib/thumb/v7-m\libc.a(lib_a-lock.o)
                0x000056e0                __retarget_lock_init_recursive
 .text.__retarget_lock_close_recursive
                0x000056e4        0x4 d:/mcuxpressoide_10.2.1_795/ide/tools/bin/../lib/gcc/arm-none-eabi/7.2.1/../../../../arm-none-eabi/lib/thumb/v7-m\libc.a(lib_a-lock.o)
                0x000056e4                __retarget_lock_close_recursive
 .text.__retarget_lock_acquire_recursive
                0x000056e8        0x4 d:/mcuxpressoide_10.2.1_795/ide/tools/bin/../lib/gcc/arm-none-eabi/7.2.1/../../../../arm-none-eabi/lib/thumb/v7-m\libc.a(lib_a-lock.o)
                0x000056e8                __retarget_lock_acquire_recursive
 .text.__retarget_lock_release_recursive
                0x000056ec        0x4 d:/mcuxpressoide_10.2.1_795/ide/tools/bin/../lib/gcc/arm-none-eabi/7.2.1/../../../../arm-none-eabi/lib/thumb/v7-m\libc.a(lib_a-lock.o)
                0x000056ec                __retarget_lock_release_recursive
 .text.__swhatbuf_r
                0x000056f0       0x5c d:/mcuxpressoide_10.2.1_795/ide/tools/bin/../lib/gcc/arm-none-eabi/7.2.1/../../../../arm-none-eabi/lib/thumb/v7-m\libc.a(lib_a-makebuf.o)
                0x000056f0                __swhatbuf_r
 .text.__smakebuf_r
                0x0000574c       0x94 d:/mcuxpressoide_10.2.1_795/ide/tools/bin/../lib/gcc/arm-none-eabi/7.2.1/../../../../arm-none-eabi/lib/thumb/v7-m\libc.a(lib_a-makebuf.o)
                0x0000574c                __smakebuf_r
 .text.memchr   0x000057e0       0x8c d:/mcuxpressoide_10.2.1_795/ide/tools/bin/../lib/gcc/arm-none-eabi/7.2.1/../../../../arm-none-eabi/lib/thumb/v7-m\libc.a(lib_a-memchr-stub.o)
                0x000057e0                memchr
 .text._Balloc  0x0000586c       0x4c d:/mcuxpressoide_10.2.1_795/ide/tools/bin/../lib/gcc/arm-none-eabi/7.2.1/../../../../arm-none-eabi/lib/thumb/v7-m\libc.a(lib_a-mprec.o)
                0x0000586c                _Balloc
 .text._Bfree   0x000058b8       0x14 d:/mcuxpressoide_10.2.1_795/ide/tools/bin/../lib/gcc/arm-none-eabi/7.2.1/../../../../arm-none-eabi/lib/thumb/v7-m\libc.a(lib_a-mprec.o)
                0x000058b8                _Bfree
 .text.__multadd
                0x000058cc       0x84 d:/mcuxpressoide_10.2.1_795/ide/tools/bin/../lib/gcc/arm-none-eabi/7.2.1/../../../../arm-none-eabi/lib/thumb/v7-m\libc.a(lib_a-mprec.o)
                0x000058cc                __multadd
 .text.__hi0bits
                0x00005950       0x40 d:/mcuxpressoide_10.2.1_795/ide/tools/bin/../lib/gcc/arm-none-eabi/7.2.1/../../../../arm-none-eabi/lib/thumb/v7-m\libc.a(lib_a-mprec.o)
                0x00005950                __hi0bits
 .text.__lo0bits
                0x00005990       0x60 d:/mcuxpressoide_10.2.1_795/ide/tools/bin/../lib/gcc/arm-none-eabi/7.2.1/../../../../arm-none-eabi/lib/thumb/v7-m\libc.a(lib_a-mprec.o)
                0x00005990                __lo0bits
 .text.__i2b    0x000059f0       0x14 d:/mcuxpressoide_10.2.1_795/ide/tools/bin/../lib/gcc/arm-none-eabi/7.2.1/../../../../arm-none-eabi/lib/thumb/v7-m\libc.a(lib_a-mprec.o)
                0x000059f0                __i2b
 .text.__multiply
                0x00005a04      0x14c d:/mcuxpressoide_10.2.1_795/ide/tools/bin/../lib/gcc/arm-none-eabi/7.2.1/../../../../arm-none-eabi/lib/thumb/v7-m\libc.a(lib_a-mprec.o)
                0x00005a04                __multiply
 .text.__pow5mult
                0x00005b50       0xa0 d:/mcuxpressoide_10.2.1_795/ide/tools/bin/../lib/gcc/arm-none-eabi/7.2.1/../../../../arm-none-eabi/lib/thumb/v7-m\libc.a(lib_a-mprec.o)
                0x00005b50                __pow5mult
 .text.__lshift
                0x00005bf0       0xb4 d:/mcuxpressoide_10.2.1_795/ide/tools/bin/../lib/gcc/arm-none-eabi/7.2.1/../../../../arm-none-eabi/lib/thumb/v7-m\libc.a(lib_a-mprec.o)
                0x00005bf0                __lshift
 .text.__mcmp   0x00005ca4       0x38 d:/mcuxpressoide_10.2.1_795/ide/tools/bin/../lib/gcc/arm-none-eabi/7.2.1/../../../../arm-none-eabi/lib/thumb/v7-m\libc.a(lib_a-mprec.o)
                0x00005ca4                __mcmp
 .text.__mdiff  0x00005cdc      0x100 d:/mcuxpressoide_10.2.1_795/ide/tools/bin/../lib/gcc/arm-none-eabi/7.2.1/../../../../arm-none-eabi/lib/thumb/v7-m\libc.a(lib_a-mprec.o)
                0x00005cdc                __mdiff
 .text.__d2b    0x00005ddc       0xb0 d:/mcuxpressoide_10.2.1_795/ide/tools/bin/../lib/gcc/arm-none-eabi/7.2.1/../../../../arm-none-eabi/lib/thumb/v7-m\libc.a(lib_a-mprec.o)
                0x00005ddc                __d2b
 .text.__sread  0x00005e8c       0x24 d:/mcuxpressoide_10.2.1_795/ide/tools/bin/../lib/gcc/arm-none-eabi/7.2.1/../../../../arm-none-eabi/lib/thumb/v7-m\libc.a(lib_a-stdio.o)
                0x00005e8c                __sread
 .text.__swrite
                0x00005eb0       0x3c d:/mcuxpressoide_10.2.1_795/ide/tools/bin/../lib/gcc/arm-none-eabi/7.2.1/../../../../arm-none-eabi/lib/thumb/v7-m\libc.a(lib_a-stdio.o)
                0x00005eb0                __swrite
 .text.__sseek  0x00005eec       0x20 d:/mcuxpressoide_10.2.1_795/ide/tools/bin/../lib/gcc/arm-none-eabi/7.2.1/../../../../arm-none-eabi/lib/thumb/v7-m\libc.a(lib_a-stdio.o)
                0x00005eec                __sseek
 .text.__sclose
                0x00005f0c        0x8 d:/mcuxpressoide_10.2.1_795/ide/tools/bin/../lib/gcc/arm-none-eabi/7.2.1/../../../../arm-none-eabi/lib/thumb/v7-m\libc.a(lib_a-stdio.o)
                0x00005f0c                __sclose
 .text.__sprint_r.part.0
                0x00005f14       0x78 d:/mcuxpressoide_10.2.1_795/ide/tools/bin/../lib/gcc/arm-none-eabi/7.2.1/../../../../arm-none-eabi/lib/thumb/v7-m\libc.a(lib_a-vfiprintf.o)
 .text.__sprint_r
                0x00005f8c       0x14 d:/mcuxpressoide_10.2.1_795/ide/tools/bin/../lib/gcc/arm-none-eabi/7.2.1/../../../../arm-none-eabi/lib/thumb/v7-m\libc.a(lib_a-vfiprintf.o)
                0x00005f8c                __sprint_r
 .text._write_r
                0x00005fa0       0x2c d:/mcuxpressoide_10.2.1_795/ide/tools/bin/../lib/gcc/arm-none-eabi/7.2.1/../../../../arm-none-eabi/lib/thumb/v7-m\libc.a(lib_a-writer.o)
                0x00005fa0                _write_r
 .text._calloc_r
                0x00005fcc       0x6c d:/mcuxpressoide_10.2.1_795/ide/tools/bin/../lib/gcc/arm-none-eabi/7.2.1/../../../../arm-none-eabi/lib/thumb/v7-m\libc.a(lib_a-callocr.o)
                0x00005fcc                _calloc_r
 .text._close_r
                0x00006038       0x24 d:/mcuxpressoide_10.2.1_795/ide/tools/bin/../lib/gcc/arm-none-eabi/7.2.1/../../../../arm-none-eabi/lib/thumb/v7-m\libc.a(lib_a-closer.o)
                0x00006038                _close_r
 .text._fclose_r
                0x0000605c       0xd0 d:/mcuxpressoide_10.2.1_795/ide/tools/bin/../lib/gcc/arm-none-eabi/7.2.1/../../../../arm-none-eabi/lib/thumb/v7-m\libc.a(lib_a-fclose.o)
                0x0000605c                _fclose_r
 .text.__fputwc
                0x0000612c       0x94 d:/mcuxpressoide_10.2.1_795/ide/tools/bin/../lib/gcc/arm-none-eabi/7.2.1/../../../../arm-none-eabi/lib/thumb/v7-m\libc.a(lib_a-fputwc.o)
                0x0000612c                __fputwc
 .text._fputwc_r
                0x000061c0       0x64 d:/mcuxpressoide_10.2.1_795/ide/tools/bin/../lib/gcc/arm-none-eabi/7.2.1/../../../../arm-none-eabi/lib/thumb/v7-m\libc.a(lib_a-fputwc.o)
                0x000061c0                _fputwc_r
 .text._fstat_r
                0x00006224       0x28 d:/mcuxpressoide_10.2.1_795/ide/tools/bin/../lib/gcc/arm-none-eabi/7.2.1/../../../../arm-none-eabi/lib/thumb/v7-m\libc.a(lib_a-fstatr.o)
                0x00006224                _fstat_r
 .text.__sfvwrite_r
                0x0000624c      0x2f4 d:/mcuxpressoide_10.2.1_795/ide/tools/bin/../lib/gcc/arm-none-eabi/7.2.1/../../../../arm-none-eabi/lib/thumb/v7-m\libc.a(lib_a-fvwrite.o)
                0x0000624c                __sfvwrite_r
 .text._isatty_r
                0x00006540       0x24 d:/mcuxpressoide_10.2.1_795/ide/tools/bin/../lib/gcc/arm-none-eabi/7.2.1/../../../../arm-none-eabi/lib/thumb/v7-m\libc.a(lib_a-isattyr.o)
                0x00006540                _isatty_r
 .text.__locale_mb_cur_max
                0x00006564       0x1c d:/mcuxpressoide_10.2.1_795/ide/tools/bin/../lib/gcc/arm-none-eabi/7.2.1/../../../../arm-none-eabi/lib/thumb/v7-m\libc.a(lib_a-locale.o)
                0x00006564                __locale_mb_cur_max
 .text._lseek_r
                0x00006580       0x2c d:/mcuxpressoide_10.2.1_795/ide/tools/bin/../lib/gcc/arm-none-eabi/7.2.1/../../../../arm-none-eabi/lib/thumb/v7-m\libc.a(lib_a-lseekr.o)
                0x00006580                _lseek_r
 .text.__ascii_mbtowc
                0x000065ac       0x2c d:/mcuxpressoide_10.2.1_795/ide/tools/bin/../lib/gcc/arm-none-eabi/7.2.1/../../../../arm-none-eabi/lib/thumb/v7-m\libc.a(lib_a-mbtowc_r.o)
                0x000065ac                __ascii_mbtowc
 .text.memmove  0x000065d8       0xc4 d:/mcuxpressoide_10.2.1_795/ide/tools/bin/../lib/gcc/arm-none-eabi/7.2.1/../../../../arm-none-eabi/lib/thumb/v7-m\libc.a(lib_a-memmove.o)
                0x000065d8                memmove
 .text._read_r  0x0000669c       0x2c d:/mcuxpressoide_10.2.1_795/ide/tools/bin/../lib/gcc/arm-none-eabi/7.2.1/../../../../arm-none-eabi/lib/thumb/v7-m\libc.a(lib_a-readr.o)
                0x0000669c                _read_r
 .text._realloc_r
                0x000066c8      0x374 d:/mcuxpressoide_10.2.1_795/ide/tools/bin/../lib/gcc/arm-none-eabi/7.2.1/../../../../arm-none-eabi/lib/thumb/v7-m\libc.a(lib_a-reallocr.o)
                0x000066c8                _realloc_r
 .text.__swbuf_r
                0x00006a3c       0xb0 d:/mcuxpressoide_10.2.1_795/ide/tools/bin/../lib/gcc/arm-none-eabi/7.2.1/../../../../arm-none-eabi/lib/thumb/v7-m\libc.a(lib_a-wbuf.o)
                0x00006a3c                __swbuf_r
 .text._wcrtomb_r
                0x00006aec       0x54 d:/mcuxpressoide_10.2.1_795/ide/tools/bin/../lib/gcc/arm-none-eabi/7.2.1/../../../../arm-none-eabi/lib/thumb/v7-m\libc.a(lib_a-wcrtomb.o)
                0x00006aec                _wcrtomb_r
 .text.__ascii_wctomb
                0x00006b40       0x18 d:/mcuxpressoide_10.2.1_795/ide/tools/bin/../lib/gcc/arm-none-eabi/7.2.1/../../../../arm-none-eabi/lib/thumb/v7-m\libc.a(lib_a-wctomb_r.o)
                0x00006b40                __ascii_wctomb
 .text._sbrk    0x00006b58       0x3c d:/mcuxpressoide_10.2.1_795/ide/tools/bin/../lib/gcc/arm-none-eabi/7.2.1/../../../../arm-none-eabi/lib/thumb/v7-m\libcr_newlib_nohost.a(_cr_sbrk.o)
                0x00006b58                _sbrk
 .text._close   0x00006b94       0x10 d:/mcuxpressoide_10.2.1_795/ide/tools/bin/../lib/gcc/arm-none-eabi/7.2.1/../../../../arm-none-eabi/lib/thumb/v7-m\libcr_newlib_nohost.a(close.o)
                0x00006b94                _close
 .text._fstat   0x00006ba4       0x10 d:/mcuxpressoide_10.2.1_795/ide/tools/bin/../lib/gcc/arm-none-eabi/7.2.1/../../../../arm-none-eabi/lib/thumb/v7-m\libcr_newlib_nohost.a(fstat.o)
                0x00006ba4                _fstat
 .text._isatty  0x00006bb4       0x10 d:/mcuxpressoide_10.2.1_795/ide/tools/bin/../lib/gcc/arm-none-eabi/7.2.1/../../../../arm-none-eabi/lib/thumb/v7-m\libcr_newlib_nohost.a(isatty.o)
                0x00006bb4                _isatty
 .text._lseek   0x00006bc4       0x10 d:/mcuxpressoide_10.2.1_795/ide/tools/bin/../lib/gcc/arm-none-eabi/7.2.1/../../../../arm-none-eabi/lib/thumb/v7-m\libcr_newlib_nohost.a(lseek.o)
                0x00006bc4                _lseek
 .text.__check_heap_overflow
                0x00006bd4       0x18 d:/mcuxpressoide_10.2.1_795/ide/tools/bin/../lib/gcc/arm-none-eabi/7.2.1/../../../../arm-none-eabi/lib/thumb/v7-m\libcr_newlib_nohost.a(_cr_check_heap.o)
                0x00006bd4                __check_heap_overflow
 .text          0x00006bec       0x40 d:/mcuxpressoide_10.2.1_795/ide/tools/bin/../lib/gcc/arm-none-eabi/7.2.1/thumb/v7-m\crtbegin.o
 .text          0x00006c2c      0x378 d:/mcuxpressoide_10.2.1_795/ide/tools/bin/../lib/gcc/arm-none-eabi/7.2.1/thumb/v7-m\libgcc.a(_arm_addsubdf3.o)
                0x00006c2c                __aeabi_drsub
                0x00006c34                __aeabi_dsub
                0x00006c34                __subdf3
                0x00006c38                __aeabi_dadd
                0x00006c38                __adddf3
                0x00006eb0                __floatunsidf
                0x00006eb0                __aeabi_ui2d
                0x00006ed0                __floatsidf
                0x00006ed0                __aeabi_i2d
                0x00006ef4                __aeabi_f2d
                0x00006ef4                __extendsfdf2
                0x00006f38                __floatundidf
                0x00006f38                __aeabi_ul2d
                0x00006f48                __floatdidf
                0x00006f48                __aeabi_l2d
 .text          0x00006fa4      0x424 d:/mcuxpressoide_10.2.1_795/ide/tools/bin/../lib/gcc/arm-none-eabi/7.2.1/thumb/v7-m\libgcc.a(_arm_muldivdf3.o)
                0x00006fa4                __aeabi_dmul
                0x00006fa4                __muldf3
                0x000071f8                __divdf3
                0x000071f8                __aeabi_ddiv
 .text          0x000073c8      0x110 d:/mcuxpressoide_10.2.1_795/ide/tools/bin/../lib/gcc/arm-none-eabi/7.2.1/thumb/v7-m\libgcc.a(_arm_cmpdf2.o)
                0x000073c8                __gtdf2
                0x000073c8                __gedf2
                0x000073d0                __ltdf2
                0x000073d0                __ledf2
                0x000073d8                __nedf2
                0x000073d8                __eqdf2
                0x000073d8                __cmpdf2
                0x00007454                __aeabi_cdrcmple
                0x00007464                __aeabi_cdcmpeq
                0x00007464                __aeabi_cdcmple
                0x00007474                __aeabi_dcmpeq
                0x00007488                __aeabi_dcmplt
                0x0000749c                __aeabi_dcmple
                0x000074b0                __aeabi_dcmpge
                0x000074c4                __aeabi_dcmpgt
 .text          0x000074d8       0x2c d:/mcuxpressoide_10.2.1_795/ide/tools/bin/../lib/gcc/arm-none-eabi/7.2.1/thumb/v7-m\libgcc.a(_arm_unorddf2.o)
                0x000074d8                __unorddf2
                0x000074d8                __aeabi_dcmpun
 .text          0x00007504       0x50 d:/mcuxpressoide_10.2.1_795/ide/tools/bin/../lib/gcc/arm-none-eabi/7.2.1/thumb/v7-m\libgcc.a(_arm_fixdfsi.o)
                0x00007504                __aeabi_d2iz
                0x00007504                __fixdfsi
 .text.__errno  0x00007554        0xc d:/mcuxpressoide_10.2.1_795/ide/tools/bin/../lib/gcc/arm-none-eabi/7.2.1/../../../../arm-none-eabi/lib/thumb/v7-m\libc.a(lib_a-errno.o)
                0x00007554                __errno
 *(.rodata .rodata.* .constdata .constdata.*)
 .rodata        0x00007560       0x32 ./src/lab1.o
 *fill*         0x00007592        0x2 ff
 .rodata.OscRateIn
                0x00007594        0x4 D:\MCUXpressoIDE_10.2.1_795\lpc_board_nxp_lpcxpresso_1549\Debug\liblpc_board_nxp_lpcxpresso_1549.a(board.o)
                0x00007594                OscRateIn
 .rodata.RTCOscRateIn
                0x00007598        0x4 D:\MCUXpressoIDE_10.2.1_795\lpc_board_nxp_lpcxpresso_1549\Debug\liblpc_board_nxp_lpcxpresso_1549.a(board.o)
                0x00007598                RTCOscRateIn
 .rodata.ledpins
                0x0000759c        0x3 D:\MCUXpressoIDE_10.2.1_795\lpc_board_nxp_lpcxpresso_1549\Debug\liblpc_board_nxp_lpcxpresso_1549.a(board.o)
 *fill*         0x0000759f        0x1 ff
 .rodata.ledports
                0x000075a0        0x3 D:\MCUXpressoIDE_10.2.1_795\lpc_board_nxp_lpcxpresso_1549\Debug\liblpc_board_nxp_lpcxpresso_1549.a(board.o)
 *fill*         0x000075a3        0x1 ff
 .rodata.ioconSetup
                0x000075a4       0x74 D:\MCUXpressoIDE_10.2.1_795\lpc_board_nxp_lpcxpresso_1549\Debug\liblpc_board_nxp_lpcxpresso_1549.a(board_sysinit.o)
 .rodata.swmSetup
                0x00007618        0x6 D:\MCUXpressoIDE_10.2.1_795\lpc_board_nxp_lpcxpresso_1549\Debug\liblpc_board_nxp_lpcxpresso_1549.a(board_sysinit.o)
 *fill*         0x0000761e        0x2 ff
 .rodata        0x00007620       0x28 D:\MCUXpressoIDE_10.2.1_795\FreeRTOS\Debug\libFreeRTOS.a(tasks.o)
                0x00007638                FreeRTOSDebugConfig
 .rodata._vfprintf_r.str1.4
                0x00007648       0x42 d:/mcuxpressoide_10.2.1_795/ide/tools/bin/../lib/gcc/arm-none-eabi/7.2.1/../../../../arm-none-eabi/lib/thumb/v7-m\libc.a(lib_a-vfprintf.o)
 *fill*         0x0000768a        0x2 ff
 .rodata.blanks.7291
                0x0000768c       0x10 d:/mcuxpressoide_10.2.1_795/ide/tools/bin/../lib/gcc/arm-none-eabi/7.2.1/../../../../arm-none-eabi/lib/thumb/v7-m\libc.a(lib_a-vfprintf.o)
 .rodata.zeroes.7292
                0x0000769c       0x10 d:/mcuxpressoide_10.2.1_795/ide/tools/bin/../lib/gcc/arm-none-eabi/7.2.1/../../../../arm-none-eabi/lib/thumb/v7-m\libc.a(lib_a-vfprintf.o)
 .rodata._dtoa_r.str1.4
                0x000076ac       0x10 d:/mcuxpressoide_10.2.1_795/ide/tools/bin/../lib/gcc/arm-none-eabi/7.2.1/../../../../arm-none-eabi/lib/thumb/v7-m\libc.a(lib_a-dtoa.o)
                                 0x12 (size before relaxing)
 *fill*         0x000076bc        0x4 ff
 .rodata.__mprec_bigtens
                0x000076c0       0x28 d:/mcuxpressoide_10.2.1_795/ide/tools/bin/../lib/gcc/arm-none-eabi/7.2.1/../../../../arm-none-eabi/lib/thumb/v7-m\libc.a(lib_a-mprec.o)
                0x000076c0                __mprec_bigtens
 .rodata.__mprec_tens
                0x000076e8       0xc8 d:/mcuxpressoide_10.2.1_795/ide/tools/bin/../lib/gcc/arm-none-eabi/7.2.1/../../../../arm-none-eabi/lib/thumb/v7-m\libc.a(lib_a-mprec.o)
                0x000076e8                __mprec_tens
 .rodata.p05.6092
                0x000077b0        0xc d:/mcuxpressoide_10.2.1_795/ide/tools/bin/../lib/gcc/arm-none-eabi/7.2.1/../../../../arm-none-eabi/lib/thumb/v7-m\libc.a(lib_a-mprec.o)
 .rodata._setlocale_r.str1.4
                0x000077bc        0xa d:/mcuxpressoide_10.2.1_795/ide/tools/bin/../lib/gcc/arm-none-eabi/7.2.1/../../../../arm-none-eabi/lib/thumb/v7-m\libc.a(lib_a-locale.o)
                                  0xd (size before relaxing)
 *fill*         0x000077c6        0x2 ff
 .rodata.str1.4
                0x000077c8        0x4 d:/mcuxpressoide_10.2.1_795/ide/tools/bin/../lib/gcc/arm-none-eabi/7.2.1/../../../../arm-none-eabi/lib/thumb/v7-m\libc.a(lib_a-locale.o)
                                  0x2 (size before relaxing)
 .rodata._ctype_
                0x000077cc      0x101 d:/mcuxpressoide_10.2.1_795/ide/tools/bin/../lib/gcc/arm-none-eabi/7.2.1/../../../../arm-none-eabi/lib/thumb/v7-m\libc.a(lib_a-ctype_.o)
                0x000077cc                _ctype_
                0x000078d0                . = ALIGN (0x4)
 *fill*         0x000078cd        0x3 ff
                0x000078d0                . = ALIGN (0x4)
 *(.init)
 .init          0x000078d0        0x4 d:/mcuxpressoide_10.2.1_795/ide/tools/bin/../lib/gcc/arm-none-eabi/7.2.1/thumb/v7-m\crti.o
                0x000078d0                _init
 .init          0x000078d4        0x8 d:/mcuxpressoide_10.2.1_795/ide/tools/bin/../lib/gcc/arm-none-eabi/7.2.1/thumb/v7-m\crtn.o
                0x000078dc                . = ALIGN (0x4)
                0x000078dc                __preinit_array_start = .
 *(.preinit_array)
                0x000078dc                __preinit_array_end = .
                0x000078dc                . = ALIGN (0x4)
                0x000078dc                __init_array_start = .
 *(SORT_BY_NAME(.init_array.*))
 *(.init_array)
 .init_array    0x000078dc        0x4 d:/mcuxpressoide_10.2.1_795/ide/tools/bin/../lib/gcc/arm-none-eabi/7.2.1/thumb/v7-m\crtbegin.o
                0x000078e0                __init_array_end = .
 *(.fini)
 .fini          0x000078e0        0x4 d:/mcuxpressoide_10.2.1_795/ide/tools/bin/../lib/gcc/arm-none-eabi/7.2.1/thumb/v7-m\crti.o
                0x000078e0                _fini
 .fini          0x000078e4        0x8 d:/mcuxpressoide_10.2.1_795/ide/tools/bin/../lib/gcc/arm-none-eabi/7.2.1/thumb/v7-m\crtn.o
                0x000078ec                . = ALIGN (0x4)
 *crtbegin.o(.ctors)
 *(EXCLUDE_FILE(*crtend.o) .ctors)
 *(SORT_BY_NAME(.ctors.*))
 *crtend.o(.ctors)
                0x000078ec                . = ALIGN (0x4)
 *crtbegin.o(.dtors)
 *(EXCLUDE_FILE(*crtend.o) .dtors)
 *(SORT_BY_NAME(.dtors.*))
 *crtend.o(.dtors)
                0x000078ec                . = ALIGN (0x4)

.glue_7         0x000078ec        0x0
 .glue_7        0x000078ec        0x0 linker stubs

.glue_7t        0x000078ec        0x0
 .glue_7t       0x000078ec        0x0 linker stubs

.vfp11_veneer   0x000078ec        0x0
 .vfp11_veneer  0x000078ec        0x0 linker stubs

.v4_bx          0x000078ec        0x0
 .v4_bx         0x000078ec        0x0 linker stubs

.iplt           0x000078ec        0x0
 .iplt          0x000078ec        0x0 ./src/cr_startup_lpc15xx.o

.ARM.extab
 *(.ARM.extab* .gnu.linkonce.armextab.*)
                0x000078ec                __exidx_start = .

.ARM.exidx      0x000078ec        0x8
 *(.ARM.exidx* .gnu.linkonce.armexidx.*)
 .ARM.exidx     0x000078ec        0x8 d:/mcuxpressoide_10.2.1_795/ide/tools/bin/../lib/gcc/arm-none-eabi/7.2.1/thumb/v7-m\libgcc.a(_udivmoddi4.o)
                0x000078f4                __exidx_end = .
                0x000078f4                _etext = .

.rel.dyn        0x000078f4        0x0
 .rel.iplt      0x000078f4        0x0 ./src/cr_startup_lpc15xx.o

.eh_frame       0x000078f4        0x0
 .eh_frame      0x000078f4        0x0 d:/mcuxpressoide_10.2.1_795/ide/tools/bin/../lib/gcc/arm-none-eabi/7.2.1/thumb/v7-m\crtbegin.o

.data_RAM2      0x02008000        0x0 load address 0x000078f4
 FILL mask 0xff
                [!provide]                PROVIDE (__start_data_RAM2, .)
 *(.ramfunc.$RAM2)
 *(.ramfunc.$Ram2_4)
 *(.data.$RAM2*)
 *(.data.$Ram2_4*)
                0x02008000                . = ALIGN (0x4)
                [!provide]                PROVIDE (__end_data_RAM2, .)

.uninit_RESERVED
                0x02000000        0x0
 *(.bss.$RESERVED*)
                0x02000000                . = ALIGN (0x4)
                0x02000000                _end_uninit_RESERVED = .

.data           0x02000000      0x9ac load address 0x000078f4
 FILL mask 0xff
                0x02000000                _data = .
 *(vtable)
 *(.ramfunc*)
 *(.data*)
 .data.uxCriticalNesting
                0x02000000        0x4 D:\MCUXpressoIDE_10.2.1_795\FreeRTOS\Debug\libFreeRTOS.a(port.o)
 .data._impure_ptr
                0x02000004        0x4 d:/mcuxpressoide_10.2.1_795/ide/tools/bin/../lib/gcc/arm-none-eabi/7.2.1/../../../../arm-none-eabi/lib/thumb/v7-m\libc.a(lib_a-impure.o)
                0x02000004                _impure_ptr
 .data.impure_data
                0x02000008      0x428 d:/mcuxpressoide_10.2.1_795/ide/tools/bin/../lib/gcc/arm-none-eabi/7.2.1/../../../../arm-none-eabi/lib/thumb/v7-m\libc.a(lib_a-impure.o)
 .data.__malloc_av_
                0x02000430      0x408 d:/mcuxpressoide_10.2.1_795/ide/tools/bin/../lib/gcc/arm-none-eabi/7.2.1/../../../../arm-none-eabi/lib/thumb/v7-m\libc.a(lib_a-mallocr.o)
                0x02000430                __malloc_av_
 .data.__malloc_sbrk_base
                0x02000838        0x4 d:/mcuxpressoide_10.2.1_795/ide/tools/bin/../lib/gcc/arm-none-eabi/7.2.1/../../../../arm-none-eabi/lib/thumb/v7-m\libc.a(lib_a-mallocr.o)
                0x02000838                __malloc_sbrk_base
 .data.__malloc_trim_threshold
                0x0200083c        0x4 d:/mcuxpressoide_10.2.1_795/ide/tools/bin/../lib/gcc/arm-none-eabi/7.2.1/../../../../arm-none-eabi/lib/thumb/v7-m\libc.a(lib_a-mallocr.o)
                0x0200083c                __malloc_trim_threshold
 .data.__global_locale
                0x02000840      0x16c d:/mcuxpressoide_10.2.1_795/ide/tools/bin/../lib/gcc/arm-none-eabi/7.2.1/../../../../arm-none-eabi/lib/thumb/v7-m\libc.a(lib_a-locale.o)
                0x02000840                __global_locale
                0x020009ac                . = ALIGN (0x4)
                0x020009ac                _edata = .

.igot.plt       0x020009ac        0x0 load address 0x000082a0
 .igot.plt      0x020009ac        0x0 ./src/cr_startup_lpc15xx.o

.bss_RAM2       0x02008000        0x0
                [!provide]                PROVIDE (__start_bss_RAM2, .)
 *(.bss.$RAM2*)
 *(.bss.$Ram2_4*)
                0x02008000                . = ALIGN ((. != 0x0)?0x4:0x1)
                [!provide]                PROVIDE (__end_bss_RAM2, .)

.bss            0x020009ac      0x1c0
                0x020009ac                _bss = .
 *(.bss*)
 .bss.pxCurrentTCB
                0x020009ac        0x4 D:\MCUXpressoIDE_10.2.1_795\FreeRTOS\Debug\libFreeRTOS.a(tasks.o)
                0x020009ac                pxCurrentTCB
 .bss.pxReadyTasksLists
                0x020009b0       0xa0 D:\MCUXpressoIDE_10.2.1_795\FreeRTOS\Debug\libFreeRTOS.a(tasks.o)
 .bss.xDelayedTaskList1
                0x02000a50       0x14 D:\MCUXpressoIDE_10.2.1_795\FreeRTOS\Debug\libFreeRTOS.a(tasks.o)
 .bss.xDelayedTaskList2
                0x02000a64       0x14 D:\MCUXpressoIDE_10.2.1_795\FreeRTOS\Debug\libFreeRTOS.a(tasks.o)
 .bss.pxDelayedTaskList
                0x02000a78        0x4 D:\MCUXpressoIDE_10.2.1_795\FreeRTOS\Debug\libFreeRTOS.a(tasks.o)
 .bss.pxOverflowDelayedTaskList
                0x02000a7c        0x4 D:\MCUXpressoIDE_10.2.1_795\FreeRTOS\Debug\libFreeRTOS.a(tasks.o)
 .bss.xPendingReadyList
                0x02000a80       0x14 D:\MCUXpressoIDE_10.2.1_795\FreeRTOS\Debug\libFreeRTOS.a(tasks.o)
 .bss.xTasksWaitingTermination
                0x02000a94       0x14 D:\MCUXpressoIDE_10.2.1_795\FreeRTOS\Debug\libFreeRTOS.a(tasks.o)
 .bss.uxDeletedTasksWaitingCleanUp
                0x02000aa8        0x4 D:\MCUXpressoIDE_10.2.1_795\FreeRTOS\Debug\libFreeRTOS.a(tasks.o)
 .bss.xSuspendedTaskList
                0x02000aac       0x14 D:\MCUXpressoIDE_10.2.1_795\FreeRTOS\Debug\libFreeRTOS.a(tasks.o)
 .bss.uxCurrentNumberOfTasks
                0x02000ac0        0x4 D:\MCUXpressoIDE_10.2.1_795\FreeRTOS\Debug\libFreeRTOS.a(tasks.o)
 .bss.xTickCount
                0x02000ac4        0x4 D:\MCUXpressoIDE_10.2.1_795\FreeRTOS\Debug\libFreeRTOS.a(tasks.o)
 .bss.uxTopReadyPriority
                0x02000ac8        0x4 D:\MCUXpressoIDE_10.2.1_795\FreeRTOS\Debug\libFreeRTOS.a(tasks.o)
 .bss.xSchedulerRunning
                0x02000acc        0x4 D:\MCUXpressoIDE_10.2.1_795\FreeRTOS\Debug\libFreeRTOS.a(tasks.o)
 .bss.uxPendedTicks
                0x02000ad0        0x4 D:\MCUXpressoIDE_10.2.1_795\FreeRTOS\Debug\libFreeRTOS.a(tasks.o)
 .bss.xYieldPending
                0x02000ad4        0x4 D:\MCUXpressoIDE_10.2.1_795\FreeRTOS\Debug\libFreeRTOS.a(tasks.o)
 .bss.xNumOfOverflows
                0x02000ad8        0x4 D:\MCUXpressoIDE_10.2.1_795\FreeRTOS\Debug\libFreeRTOS.a(tasks.o)
 .bss.uxTaskNumber
                0x02000adc        0x4 D:\MCUXpressoIDE_10.2.1_795\FreeRTOS\Debug\libFreeRTOS.a(tasks.o)
 .bss.xNextTaskUnblockTime
                0x02000ae0        0x4 D:\MCUXpressoIDE_10.2.1_795\FreeRTOS\Debug\libFreeRTOS.a(tasks.o)
 .bss.xIdleTaskHandle
                0x02000ae4        0x4 D:\MCUXpressoIDE_10.2.1_795\FreeRTOS\Debug\libFreeRTOS.a(tasks.o)
 .bss.uxSchedulerSuspended
                0x02000ae8        0x4 D:\MCUXpressoIDE_10.2.1_795\FreeRTOS\Debug\libFreeRTOS.a(tasks.o)
 .bss.__malloc_current_mallinfo
                0x02000aec       0x28 d:/mcuxpressoide_10.2.1_795/ide/tools/bin/../lib/gcc/arm-none-eabi/7.2.1/../../../../arm-none-eabi/lib/thumb/v7-m\libc.a(lib_a-mallocr.o)
                0x02000aec                __malloc_current_mallinfo
 .bss.__malloc_max_sbrked_mem
                0x02000b14        0x4 d:/mcuxpressoide_10.2.1_795/ide/tools/bin/../lib/gcc/arm-none-eabi/7.2.1/../../../../arm-none-eabi/lib/thumb/v7-m\libc.a(lib_a-mallocr.o)
                0x02000b14                __malloc_max_sbrked_mem
 .bss.__malloc_max_total_mem
                0x02000b18        0x4 d:/mcuxpressoide_10.2.1_795/ide/tools/bin/../lib/gcc/arm-none-eabi/7.2.1/../../../../arm-none-eabi/lib/thumb/v7-m\libc.a(lib_a-mallocr.o)
                0x02000b18                __malloc_max_total_mem
 .bss.__malloc_top_pad
                0x02000b1c        0x4 d:/mcuxpressoide_10.2.1_795/ide/tools/bin/../lib/gcc/arm-none-eabi/7.2.1/../../../../arm-none-eabi/lib/thumb/v7-m\libc.a(lib_a-mallocr.o)
                0x02000b1c                __malloc_top_pad
 .bss.__end_of_heap
                0x02000b20        0x4 d:/mcuxpressoide_10.2.1_795/ide/tools/bin/../lib/gcc/arm-none-eabi/7.2.1/../../../../arm-none-eabi/lib/thumb/v7-m\libcr_newlib_nohost.a(_cr_sbrk.o)
                0x02000b20                __end_of_heap
 .bss           0x02000b24       0x1c d:/mcuxpressoide_10.2.1_795/ide/tools/bin/../lib/gcc/arm-none-eabi/7.2.1/thumb/v7-m\crtbegin.o
 *(COMMON)
 COMMON         0x02000b40        0x4 D:\MCUXpressoIDE_10.2.1_795\lpc_chip_15xx\Debug\liblpc_chip_15xx.a(chip_15xx.o)
                0x02000b40                SystemCoreClock
 COMMON         0x02000b44        0x4 d:/mcuxpressoide_10.2.1_795/ide/tools/bin/../lib/gcc/arm-none-eabi/7.2.1/../../../../arm-none-eabi/lib/thumb/v7-m\libc.a(lib_a-reent.o)
                0x02000b44                errno
 COMMON         0x02000b48       0x21 d:/mcuxpressoide_10.2.1_795/ide/tools/bin/../lib/gcc/arm-none-eabi/7.2.1/../../../../arm-none-eabi/lib/thumb/v7-m\libc.a(lib_a-lock.o)
                0x02000b48                __lock___atexit_recursive_mutex
                0x02000b4c                __lock___arc4random_mutex
                0x02000b50                __lock___env_recursive_mutex
                0x02000b54                __lock___sinit_recursive_mutex
                0x02000b58                __lock___malloc_recursive_mutex
                0x02000b5c                __lock___at_quick_exit_mutex
                0x02000b60                __lock___dd_hash_mutex
                0x02000b64                __lock___tz_mutex
                0x02000b68                __lock___sfp_recursive_mutex
                0x02000b6c                . = ALIGN (0x4)
 *fill*         0x02000b69        0x3 
                0x02000b6c                _ebss = .
                [!provide]                PROVIDE (end, .)

.noinit_RAM2    0x02008000        0x0
 *(.noinit.$RAM2*)
 *(.noinit.$Ram2_4*)
                0x02008000                . = ALIGN (0x4)

.noinit         0x02000b6c        0x0
                0x02000b6c                _noinit = .
 *(.noinit*)
                0x02000b6c                . = ALIGN (0x4)
                0x02000b6c                _end_noinit = .
                0x02000b6c                PROVIDE (_pvHeapStart, DEFINED (__user_heap_base)?__user_heap_base:.)
                0x02008000                PROVIDE (_vStackTop, DEFINED (__user_stack_top)?__user_stack_top:(__top_Ram0_16_32 - 0x0))
                0xfdff735a                PROVIDE (__valid_user_code_checksum, (0x0 - ((((((_vStackTop + (ResetISR + 0x1)) + (NMI_Handler + 0x1)) + (HardFault_Handler + 0x1)) + (DEFINED (MemManage_Handler)?MemManage_Handler:0x0 + 0x1)) + (DEFINED (BusFault_Handler)?BusFault_Handler:0x0 + 0x1)) + (DEFINED (UsageFault_Handler)?UsageFault_Handler:0x0 + 0x1))))
                0x00000000                _image_start = LOADADDR (.text)
                0x000082a0                _image_end = (LOADADDR (.data) + SIZEOF (.data))
                0x000082a0                _image_size = (_image_end - _image_start)
OUTPUT(lab1.axf elf32-littlearm)

.debug_info     0x00000000    0x105cf
 .debug_info    0x00000000      0x27e ./src/cr_startup_lpc15xx.o
 .debug_info    0x0000027e     0x1066 ./src/lab1.o
 .debug_info    0x000012e4      0x96c ./src/sysinit.o
 .debug_info    0x00001c50     0x135e D:\MCUXpressoIDE_10.2.1_795\lpc_board_nxp_lpcxpresso_1549\Debug\liblpc_board_nxp_lpcxpresso_1549.a(board.o)
 .debug_info    0x00002fae     0x150a D:\MCUXpressoIDE_10.2.1_795\lpc_board_nxp_lpcxpresso_1549\Debug\liblpc_board_nxp_lpcxpresso_1549.a(board_sysinit.o)
 .debug_info    0x000044b8      0x9dd D:\MCUXpressoIDE_10.2.1_795\lpc_chip_15xx\Debug\liblpc_chip_15xx.a(chip_15xx.o)
 .debug_info    0x00004e95      0xd9e D:\MCUXpressoIDE_10.2.1_795\lpc_chip_15xx\Debug\liblpc_chip_15xx.a(clock_15xx.o)
 .debug_info    0x00005c33      0x688 D:\MCUXpressoIDE_10.2.1_795\lpc_chip_15xx\Debug\liblpc_chip_15xx.a(gpio_15xx.o)
 .debug_info    0x000062bb      0x279 D:\MCUXpressoIDE_10.2.1_795\lpc_chip_15xx\Debug\liblpc_chip_15xx.a(iocon_15xx.o)
 .debug_info    0x00006534      0x66c D:\MCUXpressoIDE_10.2.1_795\lpc_chip_15xx\Debug\liblpc_chip_15xx.a(swm_15xx.o)
 .debug_info    0x00006ba0      0x79f D:\MCUXpressoIDE_10.2.1_795\lpc_chip_15xx\Debug\liblpc_chip_15xx.a(sysctl_15xx.o)
 .debug_info    0x0000733f      0x778 D:\MCUXpressoIDE_10.2.1_795\lpc_chip_15xx\Debug\liblpc_chip_15xx.a(sysinit_15xx.o)
 .debug_info    0x00007ab7      0x955 D:\MCUXpressoIDE_10.2.1_795\lpc_chip_15xx\Debug\liblpc_chip_15xx.a(uart_15xx.o)
 .debug_info    0x0000840c     0x2591 D:\MCUXpressoIDE_10.2.1_795\FreeRTOS\Debug\libFreeRTOS.a(tasks.o)
 .debug_info    0x0000a99d      0x9d7 D:\MCUXpressoIDE_10.2.1_795\FreeRTOS\Debug\libFreeRTOS.a(heap_3.o)
 .debug_info    0x0000b374      0xca4 D:\MCUXpressoIDE_10.2.1_795\FreeRTOS\Debug\libFreeRTOS.a(port.o)
 .debug_info    0x0000c018      0xa85 D:\MCUXpressoIDE_10.2.1_795\FreeRTOS\Debug\libFreeRTOS.a(FreeRTOSCommonHooks.o)
 .debug_info    0x0000ca9d      0xb76 D:\MCUXpressoIDE_10.2.1_795\FreeRTOS\Debug\libFreeRTOS.a(list.o)
 .debug_info    0x0000d613      0x95f d:/mcuxpressoide_10.2.1_795/ide/tools/bin/../lib/gcc/arm-none-eabi/7.2.1/../../../../arm-none-eabi/lib/thumb/v7-m\libcr_newlib_nohost.a(_cr_sbrk.o)
 .debug_info    0x0000df72      0x8f0 d:/mcuxpressoide_10.2.1_795/ide/tools/bin/../lib/gcc/arm-none-eabi/7.2.1/../../../../arm-none-eabi/lib/thumb/v7-m\libcr_newlib_nohost.a(close.o)
 .debug_info    0x0000e862      0xb07 d:/mcuxpressoide_10.2.1_795/ide/tools/bin/../lib/gcc/arm-none-eabi/7.2.1/../../../../arm-none-eabi/lib/thumb/v7-m\libcr_newlib_nohost.a(fstat.o)
 .debug_info    0x0000f369      0x8f0 d:/mcuxpressoide_10.2.1_795/ide/tools/bin/../lib/gcc/arm-none-eabi/7.2.1/../../../../arm-none-eabi/lib/thumb/v7-m\libcr_newlib_nohost.a(isatty.o)
 .debug_info    0x0000fc59      0x90c d:/mcuxpressoide_10.2.1_795/ide/tools/bin/../lib/gcc/arm-none-eabi/7.2.1/../../../../arm-none-eabi/lib/thumb/v7-m\libcr_newlib_nohost.a(lseek.o)
 .debug_info    0x00010565       0x6a d:/mcuxpressoide_10.2.1_795/ide/tools/bin/../lib/gcc/arm-none-eabi/7.2.1/../../../../arm-none-eabi/lib/thumb/v7-m\libcr_newlib_nohost.a(_cr_check_heap.o)

.debug_abbrev   0x00000000     0x2fb9
 .debug_abbrev  0x00000000      0x106 ./src/cr_startup_lpc15xx.o
 .debug_abbrev  0x00000106      0x272 ./src/lab1.o
 .debug_abbrev  0x00000378      0x1b1 ./src/sysinit.o
 .debug_abbrev  0x00000529      0x32b D:\MCUXpressoIDE_10.2.1_795\lpc_board_nxp_lpcxpresso_1549\Debug\liblpc_board_nxp_lpcxpresso_1549.a(board.o)
 .debug_abbrev  0x00000854      0x2fa D:\MCUXpressoIDE_10.2.1_795\lpc_board_nxp_lpcxpresso_1549\Debug\liblpc_board_nxp_lpcxpresso_1549.a(board_sysinit.o)
 .debug_abbrev  0x00000b4e      0x1c0 D:\MCUXpressoIDE_10.2.1_795\lpc_chip_15xx\Debug\liblpc_chip_15xx.a(chip_15xx.o)
 .debug_abbrev  0x00000d0e      0x2ac D:\MCUXpressoIDE_10.2.1_795\lpc_chip_15xx\Debug\liblpc_chip_15xx.a(clock_15xx.o)
 .debug_abbrev  0x00000fba      0x188 D:\MCUXpressoIDE_10.2.1_795\lpc_chip_15xx\Debug\liblpc_chip_15xx.a(gpio_15xx.o)
 .debug_abbrev  0x00001142      0x144 D:\MCUXpressoIDE_10.2.1_795\lpc_chip_15xx\Debug\liblpc_chip_15xx.a(iocon_15xx.o)
 .debug_abbrev  0x00001286      0x165 D:\MCUXpressoIDE_10.2.1_795\lpc_chip_15xx\Debug\liblpc_chip_15xx.a(swm_15xx.o)
 .debug_abbrev  0x000013eb      0x13a D:\MCUXpressoIDE_10.2.1_795\lpc_chip_15xx\Debug\liblpc_chip_15xx.a(sysctl_15xx.o)
 .debug_abbrev  0x00001525      0x1b5 D:\MCUXpressoIDE_10.2.1_795\lpc_chip_15xx\Debug\liblpc_chip_15xx.a(sysinit_15xx.o)
 .debug_abbrev  0x000016da      0x1fa D:\MCUXpressoIDE_10.2.1_795\lpc_chip_15xx\Debug\liblpc_chip_15xx.a(uart_15xx.o)
 .debug_abbrev  0x000018d4      0x398 D:\MCUXpressoIDE_10.2.1_795\FreeRTOS\Debug\libFreeRTOS.a(tasks.o)
 .debug_abbrev  0x00001c6c      0x214 D:\MCUXpressoIDE_10.2.1_795\FreeRTOS\Debug\libFreeRTOS.a(heap_3.o)
 .debug_abbrev  0x00001e80      0x31d D:\MCUXpressoIDE_10.2.1_795\FreeRTOS\Debug\libFreeRTOS.a(port.o)
 .debug_abbrev  0x0000219d      0x26f D:\MCUXpressoIDE_10.2.1_795\FreeRTOS\Debug\libFreeRTOS.a(FreeRTOSCommonHooks.o)
 .debug_abbrev  0x0000240c      0x205 D:\MCUXpressoIDE_10.2.1_795\FreeRTOS\Debug\libFreeRTOS.a(list.o)
 .debug_abbrev  0x00002611      0x223 d:/mcuxpressoide_10.2.1_795/ide/tools/bin/../lib/gcc/arm-none-eabi/7.2.1/../../../../arm-none-eabi/lib/thumb/v7-m\libcr_newlib_nohost.a(_cr_sbrk.o)
 .debug_abbrev  0x00002834      0x1bd d:/mcuxpressoide_10.2.1_795/ide/tools/bin/../lib/gcc/arm-none-eabi/7.2.1/../../../../arm-none-eabi/lib/thumb/v7-m\libcr_newlib_nohost.a(close.o)
 .debug_abbrev  0x000029f1      0x1ce d:/mcuxpressoide_10.2.1_795/ide/tools/bin/../lib/gcc/arm-none-eabi/7.2.1/../../../../arm-none-eabi/lib/thumb/v7-m\libcr_newlib_nohost.a(fstat.o)
 .debug_abbrev  0x00002bbf      0x1bd d:/mcuxpressoide_10.2.1_795/ide/tools/bin/../lib/gcc/arm-none-eabi/7.2.1/../../../../arm-none-eabi/lib/thumb/v7-m\libcr_newlib_nohost.a(isatty.o)
 .debug_abbrev  0x00002d7c      0x1db d:/mcuxpressoide_10.2.1_795/ide/tools/bin/../lib/gcc/arm-none-eabi/7.2.1/../../../../arm-none-eabi/lib/thumb/v7-m\libcr_newlib_nohost.a(lseek.o)
 .debug_abbrev  0x00002f57       0x62 d:/mcuxpressoide_10.2.1_795/ide/tools/bin/../lib/gcc/arm-none-eabi/7.2.1/../../../../arm-none-eabi/lib/thumb/v7-m\libcr_newlib_nohost.a(_cr_check_heap.o)

.debug_aranges  0x00000000      0x9a0
 .debug_aranges
                0x00000000       0x80 ./src/cr_startup_lpc15xx.o
 .debug_aranges
                0x00000080       0x48 ./src/lab1.o
 .debug_aranges
                0x000000c8       0x20 ./src/sysinit.o
 .debug_aranges
                0x000000e8       0xd0 D:\MCUXpressoIDE_10.2.1_795\lpc_board_nxp_lpcxpresso_1549\Debug\liblpc_board_nxp_lpcxpresso_1549.a(board.o)
 .debug_aranges
                0x000001b8       0x60 D:\MCUXpressoIDE_10.2.1_795\lpc_board_nxp_lpcxpresso_1549\Debug\liblpc_board_nxp_lpcxpresso_1549.a(board_sysinit.o)
 .debug_aranges
                0x00000218       0x50 D:\MCUXpressoIDE_10.2.1_795\lpc_chip_15xx\Debug\liblpc_chip_15xx.a(chip_15xx.o)
 .debug_aranges
                0x00000268      0x128 D:\MCUXpressoIDE_10.2.1_795\lpc_chip_15xx\Debug\liblpc_chip_15xx.a(clock_15xx.o)
 .debug_aranges
                0x00000390       0x70 D:\MCUXpressoIDE_10.2.1_795\lpc_chip_15xx\Debug\liblpc_chip_15xx.a(gpio_15xx.o)
 .debug_aranges
                0x00000400       0x28 D:\MCUXpressoIDE_10.2.1_795\lpc_chip_15xx\Debug\liblpc_chip_15xx.a(iocon_15xx.o)
 .debug_aranges
                0x00000428       0x40 D:\MCUXpressoIDE_10.2.1_795\lpc_chip_15xx\Debug\liblpc_chip_15xx.a(swm_15xx.o)
 .debug_aranges
                0x00000468       0x50 D:\MCUXpressoIDE_10.2.1_795\lpc_chip_15xx\Debug\liblpc_chip_15xx.a(sysctl_15xx.o)
 .debug_aranges
                0x000004b8       0x58 D:\MCUXpressoIDE_10.2.1_795\lpc_chip_15xx\Debug\liblpc_chip_15xx.a(sysinit_15xx.o)
 .debug_aranges
                0x00000510       0xc8 D:\MCUXpressoIDE_10.2.1_795\lpc_chip_15xx\Debug\liblpc_chip_15xx.a(uart_15xx.o)
 .debug_aranges
                0x000005d8      0x1f0 D:\MCUXpressoIDE_10.2.1_795\FreeRTOS\Debug\libFreeRTOS.a(tasks.o)
 .debug_aranges
                0x000007c8       0x28 D:\MCUXpressoIDE_10.2.1_795\FreeRTOS\Debug\libFreeRTOS.a(heap_3.o)
 .debug_aranges
                0x000007f0       0x70 D:\MCUXpressoIDE_10.2.1_795\FreeRTOS\Debug\libFreeRTOS.a(port.o)
 .debug_aranges
                0x00000860       0x40 D:\MCUXpressoIDE_10.2.1_795\FreeRTOS\Debug\libFreeRTOS.a(FreeRTOSCommonHooks.o)
 .debug_aranges
                0x000008a0       0x40 D:\MCUXpressoIDE_10.2.1_795\FreeRTOS\Debug\libFreeRTOS.a(list.o)
 .debug_aranges
                0x000008e0       0x20 d:/mcuxpressoide_10.2.1_795/ide/tools/bin/../lib/gcc/arm-none-eabi/7.2.1/../../../../arm-none-eabi/lib/thumb/v7-m\libcr_newlib_nohost.a(_cr_sbrk.o)
 .debug_aranges
                0x00000900       0x20 d:/mcuxpressoide_10.2.1_795/ide/tools/bin/../lib/gcc/arm-none-eabi/7.2.1/../../../../arm-none-eabi/lib/thumb/v7-m\libcr_newlib_nohost.a(close.o)
 .debug_aranges
                0x00000920       0x20 d:/mcuxpressoide_10.2.1_795/ide/tools/bin/../lib/gcc/arm-none-eabi/7.2.1/../../../../arm-none-eabi/lib/thumb/v7-m\libcr_newlib_nohost.a(fstat.o)
 .debug_aranges
                0x00000940       0x20 d:/mcuxpressoide_10.2.1_795/ide/tools/bin/../lib/gcc/arm-none-eabi/7.2.1/../../../../arm-none-eabi/lib/thumb/v7-m\libcr_newlib_nohost.a(isatty.o)
 .debug_aranges
                0x00000960       0x20 d:/mcuxpressoide_10.2.1_795/ide/tools/bin/../lib/gcc/arm-none-eabi/7.2.1/../../../../arm-none-eabi/lib/thumb/v7-m\libcr_newlib_nohost.a(lseek.o)
 .debug_aranges
                0x00000980       0x20 d:/mcuxpressoide_10.2.1_795/ide/tools/bin/../lib/gcc/arm-none-eabi/7.2.1/../../../../arm-none-eabi/lib/thumb/v7-m\libcr_newlib_nohost.a(_cr_check_heap.o)

.debug_ranges   0x00000000      0x838
 .debug_ranges  0x00000000       0x70 ./src/cr_startup_lpc15xx.o
 .debug_ranges  0x00000070       0x38 ./src/lab1.o
 .debug_ranges  0x000000a8       0x10 ./src/sysinit.o
 .debug_ranges  0x000000b8       0xd8 D:\MCUXpressoIDE_10.2.1_795\lpc_board_nxp_lpcxpresso_1549\Debug\liblpc_board_nxp_lpcxpresso_1549.a(board.o)
 .debug_ranges  0x00000190       0x50 D:\MCUXpressoIDE_10.2.1_795\lpc_board_nxp_lpcxpresso_1549\Debug\liblpc_board_nxp_lpcxpresso_1549.a(board_sysinit.o)
 .debug_ranges  0x000001e0       0x40 D:\MCUXpressoIDE_10.2.1_795\lpc_chip_15xx\Debug\liblpc_chip_15xx.a(chip_15xx.o)
 .debug_ranges  0x00000220      0x118 D:\MCUXpressoIDE_10.2.1_795\lpc_chip_15xx\Debug\liblpc_chip_15xx.a(clock_15xx.o)
 .debug_ranges  0x00000338       0x60 D:\MCUXpressoIDE_10.2.1_795\lpc_chip_15xx\Debug\liblpc_chip_15xx.a(gpio_15xx.o)
 .debug_ranges  0x00000398       0x18 D:\MCUXpressoIDE_10.2.1_795\lpc_chip_15xx\Debug\liblpc_chip_15xx.a(iocon_15xx.o)
 .debug_ranges  0x000003b0       0x30 D:\MCUXpressoIDE_10.2.1_795\lpc_chip_15xx\Debug\liblpc_chip_15xx.a(swm_15xx.o)
 .debug_ranges  0x000003e0       0x40 D:\MCUXpressoIDE_10.2.1_795\lpc_chip_15xx\Debug\liblpc_chip_15xx.a(sysctl_15xx.o)
 .debug_ranges  0x00000420       0x48 D:\MCUXpressoIDE_10.2.1_795\lpc_chip_15xx\Debug\liblpc_chip_15xx.a(sysinit_15xx.o)
 .debug_ranges  0x00000468       0xb8 D:\MCUXpressoIDE_10.2.1_795\lpc_chip_15xx\Debug\liblpc_chip_15xx.a(uart_15xx.o)
 .debug_ranges  0x00000520      0x1e0 D:\MCUXpressoIDE_10.2.1_795\FreeRTOS\Debug\libFreeRTOS.a(tasks.o)
 .debug_ranges  0x00000700       0x18 D:\MCUXpressoIDE_10.2.1_795\FreeRTOS\Debug\libFreeRTOS.a(heap_3.o)
 .debug_ranges  0x00000718       0x60 D:\MCUXpressoIDE_10.2.1_795\FreeRTOS\Debug\libFreeRTOS.a(port.o)
 .debug_ranges  0x00000778       0x30 D:\MCUXpressoIDE_10.2.1_795\FreeRTOS\Debug\libFreeRTOS.a(FreeRTOSCommonHooks.o)
 .debug_ranges  0x000007a8       0x30 D:\MCUXpressoIDE_10.2.1_795\FreeRTOS\Debug\libFreeRTOS.a(list.o)
 .debug_ranges  0x000007d8       0x10 d:/mcuxpressoide_10.2.1_795/ide/tools/bin/../lib/gcc/arm-none-eabi/7.2.1/../../../../arm-none-eabi/lib/thumb/v7-m\libcr_newlib_nohost.a(_cr_sbrk.o)
 .debug_ranges  0x000007e8       0x10 d:/mcuxpressoide_10.2.1_795/ide/tools/bin/../lib/gcc/arm-none-eabi/7.2.1/../../../../arm-none-eabi/lib/thumb/v7-m\libcr_newlib_nohost.a(close.o)
 .debug_ranges  0x000007f8       0x10 d:/mcuxpressoide_10.2.1_795/ide/tools/bin/../lib/gcc/arm-none-eabi/7.2.1/../../../../arm-none-eabi/lib/thumb/v7-m\libcr_newlib_nohost.a(fstat.o)
 .debug_ranges  0x00000808       0x10 d:/mcuxpressoide_10.2.1_795/ide/tools/bin/../lib/gcc/arm-none-eabi/7.2.1/../../../../arm-none-eabi/lib/thumb/v7-m\libcr_newlib_nohost.a(isatty.o)
 .debug_ranges  0x00000818       0x10 d:/mcuxpressoide_10.2.1_795/ide/tools/bin/../lib/gcc/arm-none-eabi/7.2.1/../../../../arm-none-eabi/lib/thumb/v7-m\libcr_newlib_nohost.a(lseek.o)
 .debug_ranges  0x00000828       0x10 d:/mcuxpressoide_10.2.1_795/ide/tools/bin/../lib/gcc/arm-none-eabi/7.2.1/../../../../arm-none-eabi/lib/thumb/v7-m\libcr_newlib_nohost.a(_cr_check_heap.o)

.debug_macro    0x00000000     0x9d9b
 .debug_macro   0x00000000       0x23 ./src/cr_startup_lpc15xx.o
 .debug_macro   0x00000023      0x3fe ./src/lab1.o
 .debug_macro   0x00000421       0x1c ./src/lab1.o
 .debug_macro   0x0000043d       0x4f ./src/lab1.o
 .debug_macro   0x0000048c       0x51 ./src/lab1.o
 .debug_macro   0x000004dd       0xef ./src/lab1.o
 .debug_macro   0x000005cc       0x6a ./src/lab1.o
 .debug_macro   0x00000636      0x1df ./src/lab1.o
 .debug_macro   0x00000815       0x16 ./src/lab1.o
 .debug_macro   0x0000082b       0x7b ./src/lab1.o
 .debug_macro   0x000008a6       0x10 ./src/lab1.o
 .debug_macro   0x000008b6       0x2d ./src/lab1.o
 .debug_macro   0x000008e3       0x3a ./src/lab1.o
 .debug_macro   0x0000091d       0x2d ./src/lab1.o
 .debug_macro   0x0000094a      0xa7d ./src/lab1.o
 .debug_macro   0x000013c7      0x1b4 ./src/lab1.o
 .debug_macro   0x0000157b       0xca ./src/lab1.o
 .debug_macro   0x00001645       0x18 ./src/lab1.o
 .debug_macro   0x0000165d       0xb2 ./src/lab1.o
 .debug_macro   0x0000170f       0x70 ./src/lab1.o
 .debug_macro   0x0000177f       0x46 ./src/lab1.o
 .debug_macro   0x000017c5       0xd0 ./src/lab1.o
 .debug_macro   0x00001895       0x40 ./src/lab1.o
 .debug_macro   0x000018d5      0x233 ./src/lab1.o
 .debug_macro   0x00001b08       0x16 ./src/lab1.o
 .debug_macro   0x00001b1e       0x88 ./src/lab1.o
 .debug_macro   0x00001ba6       0x34 ./src/lab1.o
 .debug_macro   0x00001bda       0x6a ./src/lab1.o
 .debug_macro   0x00001c44       0x40 ./src/lab1.o
 .debug_macro   0x00001c84       0x1c ./src/lab1.o
 .debug_macro   0x00001ca0       0x16 ./src/lab1.o
 .debug_macro   0x00001cb6      0x10c ./src/lab1.o
 .debug_macro   0x00001dc2      0x2a9 ./src/lab1.o
 .debug_macro   0x0000206b       0x76 ./src/lab1.o
 .debug_macro   0x000020e1       0x22 ./src/lab1.o
 .debug_macro   0x00002103      0x152 ./src/lab1.o
 .debug_macro   0x00002255       0x82 ./src/lab1.o
 .debug_macro   0x000022d7       0xe6 ./src/lab1.o
 .debug_macro   0x000023bd       0x3a ./src/lab1.o
 .debug_macro   0x000023f7       0x34 ./src/lab1.o
 .debug_macro   0x0000242b       0x10 ./src/lab1.o
 .debug_macro   0x0000243b       0x76 ./src/lab1.o
 .debug_macro   0x000024b1       0x58 ./src/lab1.o
 .debug_macro   0x00002509      0x2ca ./src/lab1.o
 .debug_macro   0x000027d3      0x22b ./src/lab1.o
 .debug_macro   0x000029fe       0x2e ./src/lab1.o
 .debug_macro   0x00002a2c       0x34 ./src/lab1.o
 .debug_macro   0x00002a60       0x58 ./src/lab1.o
 .debug_macro   0x00002ab8       0x16 ./src/lab1.o
 .debug_macro   0x00002ace       0x97 ./src/lab1.o
 .debug_macro   0x00002b65      0x104 ./src/lab1.o
 .debug_macro   0x00002c69       0x10 ./src/lab1.o
 .debug_macro   0x00002c79       0x10 ./src/lab1.o
 .debug_macro   0x00002c89       0xb6 ./src/lab1.o
 .debug_macro   0x00002d3f       0x16 ./src/lab1.o
 .debug_macro   0x00002d55      0x114 ./src/lab1.o
 .debug_macro   0x00002e69       0x20 ./src/lab1.o
 .debug_macro   0x00002e89       0x82 ./src/lab1.o
 .debug_macro   0x00002f0b      0x118 ./src/lab1.o
 .debug_macro   0x00003023      0x15a ./src/lab1.o
 .debug_macro   0x0000317d       0xd6 ./src/lab1.o
 .debug_macro   0x00003253       0x10 ./src/lab1.o
 .debug_macro   0x00003263       0x1f ./src/lab1.o
 .debug_macro   0x00003282       0x16 ./src/lab1.o
 .debug_macro   0x00003298       0x35 ./src/lab1.o
 .debug_macro   0x000032cd      0x46b ./src/lab1.o
 .debug_macro   0x00003738       0xb5 ./src/lab1.o
 .debug_macro   0x000037ed       0x8c ./src/lab1.o
 .debug_macro   0x00003879      0x376 ./src/sysinit.o
 .debug_macro   0x00003bef       0x22 ./src/sysinit.o
 .debug_macro   0x00003c11      0xa7d ./src/sysinit.o
 .debug_macro   0x0000468e       0x9c ./src/sysinit.o
 .debug_macro   0x0000472a       0x97 ./src/sysinit.o
 .debug_macro   0x000047c1      0x330 ./src/sysinit.o
 .debug_macro   0x00004af1       0xfd ./src/sysinit.o
 .debug_macro   0x00004bee       0x43 ./src/sysinit.o
 .debug_macro   0x00004c31      0x129 ./src/sysinit.o
 .debug_macro   0x00004d5a      0x3f3 D:\MCUXpressoIDE_10.2.1_795\lpc_board_nxp_lpcxpresso_1549\Debug\liblpc_board_nxp_lpcxpresso_1549.a(board.o)
 .debug_macro   0x0000514d      0xa6c D:\MCUXpressoIDE_10.2.1_795\lpc_board_nxp_lpcxpresso_1549\Debug\liblpc_board_nxp_lpcxpresso_1549.a(board.o)
 .debug_macro   0x00005bb9       0x87 D:\MCUXpressoIDE_10.2.1_795\lpc_board_nxp_lpcxpresso_1549\Debug\liblpc_board_nxp_lpcxpresso_1549.a(board.o)
 .debug_macro   0x00005c40       0x1c D:\MCUXpressoIDE_10.2.1_795\lpc_board_nxp_lpcxpresso_1549\Debug\liblpc_board_nxp_lpcxpresso_1549.a(board.o)
 .debug_macro   0x00005c5c       0x52 D:\MCUXpressoIDE_10.2.1_795\lpc_board_nxp_lpcxpresso_1549\Debug\liblpc_board_nxp_lpcxpresso_1549.a(board.o)
 .debug_macro   0x00005cae       0x40 D:\MCUXpressoIDE_10.2.1_795\lpc_board_nxp_lpcxpresso_1549\Debug\liblpc_board_nxp_lpcxpresso_1549.a(board.o)
 .debug_macro   0x00005cee       0x10 D:\MCUXpressoIDE_10.2.1_795\lpc_board_nxp_lpcxpresso_1549\Debug\liblpc_board_nxp_lpcxpresso_1549.a(board.o)
 .debug_macro   0x00005cfe       0x40 D:\MCUXpressoIDE_10.2.1_795\lpc_board_nxp_lpcxpresso_1549\Debug\liblpc_board_nxp_lpcxpresso_1549.a(board.o)
 .debug_macro   0x00005d3e       0xd7 D:\MCUXpressoIDE_10.2.1_795\lpc_board_nxp_lpcxpresso_1549\Debug\liblpc_board_nxp_lpcxpresso_1549.a(board.o)
 .debug_macro   0x00005e15       0x1c D:\MCUXpressoIDE_10.2.1_795\lpc_board_nxp_lpcxpresso_1549\Debug\liblpc_board_nxp_lpcxpresso_1549.a(board.o)
 .debug_macro   0x00005e31       0x3d D:\MCUXpressoIDE_10.2.1_795\lpc_board_nxp_lpcxpresso_1549\Debug\liblpc_board_nxp_lpcxpresso_1549.a(board.o)
 .debug_macro   0x00005e6e      0x16f D:\MCUXpressoIDE_10.2.1_795\lpc_board_nxp_lpcxpresso_1549\Debug\liblpc_board_nxp_lpcxpresso_1549.a(board.o)
 .debug_macro   0x00005fdd       0x12 D:\MCUXpressoIDE_10.2.1_795\lpc_board_nxp_lpcxpresso_1549\Debug\liblpc_board_nxp_lpcxpresso_1549.a(board.o)
 .debug_macro   0x00005fef      0x414 D:\MCUXpressoIDE_10.2.1_795\lpc_board_nxp_lpcxpresso_1549\Debug\liblpc_board_nxp_lpcxpresso_1549.a(board_sysinit.o)
 .debug_macro   0x00006403       0x16 D:\MCUXpressoIDE_10.2.1_795\lpc_board_nxp_lpcxpresso_1549\Debug\liblpc_board_nxp_lpcxpresso_1549.a(board_sysinit.o)
 .debug_macro   0x00006419       0x35 D:\MCUXpressoIDE_10.2.1_795\lpc_board_nxp_lpcxpresso_1549\Debug\liblpc_board_nxp_lpcxpresso_1549.a(board_sysinit.o)
 .debug_macro   0x0000644e      0x260 D:\MCUXpressoIDE_10.2.1_795\lpc_chip_15xx\Debug\liblpc_chip_15xx.a(chip_15xx.o)
 .debug_macro   0x000066ae      0x260 D:\MCUXpressoIDE_10.2.1_795\lpc_chip_15xx\Debug\liblpc_chip_15xx.a(clock_15xx.o)
 .debug_macro   0x0000690e      0x260 D:\MCUXpressoIDE_10.2.1_795\lpc_chip_15xx\Debug\liblpc_chip_15xx.a(gpio_15xx.o)
 .debug_macro   0x00006b6e      0x260 D:\MCUXpressoIDE_10.2.1_795\lpc_chip_15xx\Debug\liblpc_chip_15xx.a(iocon_15xx.o)
 .debug_macro   0x00006dce      0x26c D:\MCUXpressoIDE_10.2.1_795\lpc_chip_15xx\Debug\liblpc_chip_15xx.a(swm_15xx.o)
 .debug_macro   0x0000703a      0x278 D:\MCUXpressoIDE_10.2.1_795\lpc_chip_15xx\Debug\liblpc_chip_15xx.a(sysctl_15xx.o)
 .debug_macro   0x000072b2      0x260 D:\MCUXpressoIDE_10.2.1_795\lpc_chip_15xx\Debug\liblpc_chip_15xx.a(sysinit_15xx.o)
 .debug_macro   0x00007512      0x260 D:\MCUXpressoIDE_10.2.1_795\lpc_chip_15xx\Debug\liblpc_chip_15xx.a(uart_15xx.o)
 .debug_macro   0x00007772      0x574 D:\MCUXpressoIDE_10.2.1_795\FreeRTOS\Debug\libFreeRTOS.a(tasks.o)
 .debug_macro   0x00007ce6      0xa72 D:\MCUXpressoIDE_10.2.1_795\FreeRTOS\Debug\libFreeRTOS.a(tasks.o)
 .debug_macro   0x00008758      0x10e D:\MCUXpressoIDE_10.2.1_795\FreeRTOS\Debug\libFreeRTOS.a(tasks.o)
 .debug_macro   0x00008866       0x8d D:\MCUXpressoIDE_10.2.1_795\FreeRTOS\Debug\libFreeRTOS.a(tasks.o)
 .debug_macro   0x000088f3       0x16 D:\MCUXpressoIDE_10.2.1_795\FreeRTOS\Debug\libFreeRTOS.a(tasks.o)
 .debug_macro   0x00008909       0x29 D:\MCUXpressoIDE_10.2.1_795\FreeRTOS\Debug\libFreeRTOS.a(tasks.o)
 .debug_macro   0x00008932       0x11 D:\MCUXpressoIDE_10.2.1_795\FreeRTOS\Debug\libFreeRTOS.a(tasks.o)
 .debug_macro   0x00008943       0x1c D:\MCUXpressoIDE_10.2.1_795\FreeRTOS\Debug\libFreeRTOS.a(tasks.o)
 .debug_macro   0x0000895f      0x112 D:\MCUXpressoIDE_10.2.1_795\FreeRTOS\Debug\libFreeRTOS.a(tasks.o)
 .debug_macro   0x00008a71       0x91 D:\MCUXpressoIDE_10.2.1_795\FreeRTOS\Debug\libFreeRTOS.a(tasks.o)
 .debug_macro   0x00008b02       0x10 D:\MCUXpressoIDE_10.2.1_795\FreeRTOS\Debug\libFreeRTOS.a(tasks.o)
 .debug_macro   0x00008b12       0x16 D:\MCUXpressoIDE_10.2.1_795\FreeRTOS\Debug\libFreeRTOS.a(tasks.o)
 .debug_macro   0x00008b28      0x491 D:\MCUXpressoIDE_10.2.1_795\FreeRTOS\Debug\libFreeRTOS.a(heap_3.o)
 .debug_macro   0x00008fb9      0x4ff D:\MCUXpressoIDE_10.2.1_795\FreeRTOS\Debug\libFreeRTOS.a(port.o)
 .debug_macro   0x000094b8      0x46d D:\MCUXpressoIDE_10.2.1_795\FreeRTOS\Debug\libFreeRTOS.a(FreeRTOSCommonHooks.o)
 .debug_macro   0x00009925      0x476 D:\MCUXpressoIDE_10.2.1_795\FreeRTOS\Debug\libFreeRTOS.a(list.o)

.debug_line     0x00000000     0x85cf
 .debug_line    0x00000000       0xd5 ./src/cr_startup_lpc15xx.o
 .debug_line    0x000000d5      0x7b8 ./src/lab1.o
 .debug_line    0x0000088d      0x5df ./src/sysinit.o
 .debug_line    0x00000e6c      0x886 D:\MCUXpressoIDE_10.2.1_795\lpc_board_nxp_lpcxpresso_1549\Debug\liblpc_board_nxp_lpcxpresso_1549.a(board.o)
 .debug_line    0x000016f2      0x75a D:\MCUXpressoIDE_10.2.1_795\lpc_board_nxp_lpcxpresso_1549\Debug\liblpc_board_nxp_lpcxpresso_1549.a(board_sysinit.o)
 .debug_line    0x00001e4c      0x552 D:\MCUXpressoIDE_10.2.1_795\lpc_chip_15xx\Debug\liblpc_chip_15xx.a(chip_15xx.o)
 .debug_line    0x0000239e      0x7a6 D:\MCUXpressoIDE_10.2.1_795\lpc_chip_15xx\Debug\liblpc_chip_15xx.a(clock_15xx.o)
 .debug_line    0x00002b44      0x5aa D:\MCUXpressoIDE_10.2.1_795\lpc_chip_15xx\Debug\liblpc_chip_15xx.a(gpio_15xx.o)
 .debug_line    0x000030ee      0x4f2 D:\MCUXpressoIDE_10.2.1_795\lpc_chip_15xx\Debug\liblpc_chip_15xx.a(iocon_15xx.o)
 .debug_line    0x000035e0      0x51d D:\MCUXpressoIDE_10.2.1_795\lpc_chip_15xx\Debug\liblpc_chip_15xx.a(swm_15xx.o)
 .debug_line    0x00003afd      0x554 D:\MCUXpressoIDE_10.2.1_795\lpc_chip_15xx\Debug\liblpc_chip_15xx.a(sysctl_15xx.o)
 .debug_line    0x00004051      0x587 D:\MCUXpressoIDE_10.2.1_795\lpc_chip_15xx\Debug\liblpc_chip_15xx.a(sysinit_15xx.o)
 .debug_line    0x000045d8      0x6cc D:\MCUXpressoIDE_10.2.1_795\lpc_chip_15xx\Debug\liblpc_chip_15xx.a(uart_15xx.o)
 .debug_line    0x00004ca4     0x121e D:\MCUXpressoIDE_10.2.1_795\FreeRTOS\Debug\libFreeRTOS.a(tasks.o)
 .debug_line    0x00005ec2      0x7c7 D:\MCUXpressoIDE_10.2.1_795\FreeRTOS\Debug\libFreeRTOS.a(heap_3.o)
 .debug_line    0x00006689      0x8a1 D:\MCUXpressoIDE_10.2.1_795\FreeRTOS\Debug\libFreeRTOS.a(port.o)
 .debug_line    0x00006f2a      0x80e D:\MCUXpressoIDE_10.2.1_795\FreeRTOS\Debug\libFreeRTOS.a(FreeRTOSCommonHooks.o)
 .debug_line    0x00007738      0x803 D:\MCUXpressoIDE_10.2.1_795\FreeRTOS\Debug\libFreeRTOS.a(list.o)
 .debug_line    0x00007f3b      0x125 d:/mcuxpressoide_10.2.1_795/ide/tools/bin/../lib/gcc/arm-none-eabi/7.2.1/../../../../arm-none-eabi/lib/thumb/v7-m\libcr_newlib_nohost.a(_cr_sbrk.o)
 .debug_line    0x00008060      0x114 d:/mcuxpressoide_10.2.1_795/ide/tools/bin/../lib/gcc/arm-none-eabi/7.2.1/../../../../arm-none-eabi/lib/thumb/v7-m\libcr_newlib_nohost.a(close.o)
 .debug_line    0x00008174      0x1e5 d:/mcuxpressoide_10.2.1_795/ide/tools/bin/../lib/gcc/arm-none-eabi/7.2.1/../../../../arm-none-eabi/lib/thumb/v7-m\libcr_newlib_nohost.a(fstat.o)
 .debug_line    0x00008359      0x115 d:/mcuxpressoide_10.2.1_795/ide/tools/bin/../lib/gcc/arm-none-eabi/7.2.1/../../../../arm-none-eabi/lib/thumb/v7-m\libcr_newlib_nohost.a(isatty.o)
 .debug_line    0x0000846e      0x114 d:/mcuxpressoide_10.2.1_795/ide/tools/bin/../lib/gcc/arm-none-eabi/7.2.1/../../../../arm-none-eabi/lib/thumb/v7-m\libcr_newlib_nohost.a(lseek.o)
 .debug_line    0x00008582       0x4d d:/mcuxpressoide_10.2.1_795/ide/tools/bin/../lib/gcc/arm-none-eabi/7.2.1/../../../../arm-none-eabi/lib/thumb/v7-m\libcr_newlib_nohost.a(_cr_check_heap.o)

.debug_str      0x00000000    0x1d082
 .debug_str     0x00000000     0x31c0 ./src/cr_startup_lpc15xx.o
                               0x31fe (size before relaxing)
 .debug_str     0x000031c0    0x13a5f ./src/lab1.o
                              0x16d2a (size before relaxing)
 .debug_str     0x00016c1f      0x2df ./src/sysinit.o
                              0x12994 (size before relaxing)
 .debug_str     0x00016efe     0x170c D:\MCUXpressoIDE_10.2.1_795\lpc_board_nxp_lpcxpresso_1549\Debug\liblpc_board_nxp_lpcxpresso_1549.a(board.o)
                              0x13f3d (size before relaxing)
 .debug_str     0x0001860a      0x877 D:\MCUXpressoIDE_10.2.1_795\lpc_board_nxp_lpcxpresso_1549\Debug\liblpc_board_nxp_lpcxpresso_1549.a(board_sysinit.o)
                              0x1456d (size before relaxing)
 .debug_str     0x00018e81      0x12c D:\MCUXpressoIDE_10.2.1_795\lpc_chip_15xx\Debug\liblpc_chip_15xx.a(chip_15xx.o)
                               0xfc87 (size before relaxing)
 .debug_str     0x00018fad      0x89f D:\MCUXpressoIDE_10.2.1_795\lpc_chip_15xx\Debug\liblpc_chip_15xx.a(clock_15xx.o)
                              0x100a2 (size before relaxing)
 .debug_str     0x0001984c       0xdf D:\MCUXpressoIDE_10.2.1_795\lpc_chip_15xx\Debug\liblpc_chip_15xx.a(gpio_15xx.o)
                               0xf744 (size before relaxing)
 .debug_str     0x0001992b       0x41 D:\MCUXpressoIDE_10.2.1_795\lpc_chip_15xx\Debug\liblpc_chip_15xx.a(iocon_15xx.o)
                               0xf261 (size before relaxing)
 .debug_str     0x0001996c      0x55d D:\MCUXpressoIDE_10.2.1_795\lpc_chip_15xx\Debug\liblpc_chip_15xx.a(swm_15xx.o)
                               0xfc69 (size before relaxing)
 .debug_str     0x00019ec9      0x183 D:\MCUXpressoIDE_10.2.1_795\lpc_chip_15xx\Debug\liblpc_chip_15xx.a(sysctl_15xx.o)
                               0xf74f (size before relaxing)
 .debug_str     0x0001a04c      0x13f D:\MCUXpressoIDE_10.2.1_795\lpc_chip_15xx\Debug\liblpc_chip_15xx.a(sysinit_15xx.o)
                               0xf73d (size before relaxing)
 .debug_str     0x0001a18b      0x20f D:\MCUXpressoIDE_10.2.1_795\lpc_chip_15xx\Debug\liblpc_chip_15xx.a(uart_15xx.o)
                               0xf8a0 (size before relaxing)
 .debug_str     0x0001a39a     0x2202 D:\MCUXpressoIDE_10.2.1_795\FreeRTOS\Debug\libFreeRTOS.a(tasks.o)
                              0x19327 (size before relaxing)
 .debug_str     0x0001c59c       0x6a D:\MCUXpressoIDE_10.2.1_795\FreeRTOS\Debug\libFreeRTOS.a(heap_3.o)
                              0x1704c (size before relaxing)
 .debug_str     0x0001c606      0x5fe D:\MCUXpressoIDE_10.2.1_795\FreeRTOS\Debug\libFreeRTOS.a(port.o)
                              0x17758 (size before relaxing)